tim.c:36:6:MX_TIM1_Init	80	static
tim.c:97:6:MX_TIM2_Init	64	static
tim.c:130:6:MX_TIM3_Init	48	static
tim.c:163:6:MX_TIM6_Init	16	static
tim.c:185:6:MX_TIM14_Init	40	static
tim.c:215:6:MX_TIM16_Init	8	static
tim.c:232:6:MX_TIM17_Init	8	static
tim.c:249:6:HAL_TIM_PWM_MspInit	24	static
tim.c:276:6:HAL_TIM_Encoder_MspInit	56	static
tim.c:317:6:HAL_TIM_Base_MspInit	32	static
tim.c:369:6:HAL_TIM_MspPostInit	48	static
tim.c:441:6:HAL_TIM_PWM_MspDeInit	16	static
tim.c:468:6:HAL_TIM_Encoder_MspDeInit	16	static
tim.c:495:6:HAL_TIM_Base_MspDeInit	16	static
