Archive member included to satisfy reference by file (symbol)

/home/chris/st/stm32cubeide_1.2.0/plugins/com.st.stm32cube.ide.mcu.externaltools.gnu-tools-for-stm32.7-2018-q2-update.linux64_1.0.0.201904181610/tools/bin/../lib/gcc/arm-none-eabi/7.3.1/../../../../arm-none-eabi/lib/thumb/v6-m/libc_nano.a(lib_a-errno.o)
                              Core/Src/syscalls.o (__errno)
/home/chris/st/stm32cubeide_1.2.0/plugins/com.st.stm32cube.ide.mcu.externaltools.gnu-tools-for-stm32.7-2018-q2-update.linux64_1.0.0.201904181610/tools/bin/../lib/gcc/arm-none-eabi/7.3.1/../../../../arm-none-eabi/lib/thumb/v6-m/libc_nano.a(lib_a-exit.o)
                              /home/chris/st/stm32cubeide_1.2.0/plugins/com.st.stm32cube.ide.mcu.externaltools.gnu-tools-for-stm32.7-2018-q2-update.linux64_1.0.0.201904181610/tools/bin/../lib/gcc/arm-none-eabi/7.3.1/../../../../arm-none-eabi/lib/thumb/v6-m/crt0.o (exit)
/home/chris/st/stm32cubeide_1.2.0/plugins/com.st.stm32cube.ide.mcu.externaltools.gnu-tools-for-stm32.7-2018-q2-update.linux64_1.0.0.201904181610/tools/bin/../lib/gcc/arm-none-eabi/7.3.1/../../../../arm-none-eabi/lib/thumb/v6-m/libc_nano.a(lib_a-impure.o)
                              /home/chris/st/stm32cubeide_1.2.0/plugins/com.st.stm32cube.ide.mcu.externaltools.gnu-tools-for-stm32.7-2018-q2-update.linux64_1.0.0.201904181610/tools/bin/../lib/gcc/arm-none-eabi/7.3.1/../../../../arm-none-eabi/lib/thumb/v6-m/libc_nano.a(lib_a-exit.o) (_global_impure_ptr)
/home/chris/st/stm32cubeide_1.2.0/plugins/com.st.stm32cube.ide.mcu.externaltools.gnu-tools-for-stm32.7-2018-q2-update.linux64_1.0.0.201904181610/tools/bin/../lib/gcc/arm-none-eabi/7.3.1/../../../../arm-none-eabi/lib/thumb/v6-m/libc_nano.a(lib_a-init.o)
                              /home/chris/st/stm32cubeide_1.2.0/plugins/com.st.stm32cube.ide.mcu.externaltools.gnu-tools-for-stm32.7-2018-q2-update.linux64_1.0.0.201904181610/tools/bin/../lib/gcc/arm-none-eabi/7.3.1/../../../../arm-none-eabi/lib/thumb/v6-m/crt0.o (__libc_init_array)
/home/chris/st/stm32cubeide_1.2.0/plugins/com.st.stm32cube.ide.mcu.externaltools.gnu-tools-for-stm32.7-2018-q2-update.linux64_1.0.0.201904181610/tools/bin/../lib/gcc/arm-none-eabi/7.3.1/../../../../arm-none-eabi/lib/thumb/v6-m/libc_nano.a(lib_a-memset.o)
                              /home/chris/st/stm32cubeide_1.2.0/plugins/com.st.stm32cube.ide.mcu.externaltools.gnu-tools-for-stm32.7-2018-q2-update.linux64_1.0.0.201904181610/tools/bin/../lib/gcc/arm-none-eabi/7.3.1/../../../../arm-none-eabi/lib/thumb/v6-m/crt0.o (memset)
/home/chris/st/stm32cubeide_1.2.0/plugins/com.st.stm32cube.ide.mcu.externaltools.gnu-tools-for-stm32.7-2018-q2-update.linux64_1.0.0.201904181610/tools/bin/../lib/gcc/arm-none-eabi/7.3.1/thumb/v6-m/libgcc.a(_udivsi3.o)
                              Core/Src/system_stm32f0xx.o (__aeabi_uidiv)
/home/chris/st/stm32cubeide_1.2.0/plugins/com.st.stm32cube.ide.mcu.externaltools.gnu-tools-for-stm32.7-2018-q2-update.linux64_1.0.0.201904181610/tools/bin/../lib/gcc/arm-none-eabi/7.3.1/thumb/v6-m/libgcc.a(_dvmd_tls.o)
                              /home/chris/st/stm32cubeide_1.2.0/plugins/com.st.stm32cube.ide.mcu.externaltools.gnu-tools-for-stm32.7-2018-q2-update.linux64_1.0.0.201904181610/tools/bin/../lib/gcc/arm-none-eabi/7.3.1/thumb/v6-m/libgcc.a(_udivsi3.o) (__aeabi_idiv0)

Allocating common symbols
Common symbol       size              file

htim17              0x40              Core/Src/tim.o
uwTick              0x4               Drivers/STM32F0xx_HAL_Driver/Src/stm32f0xx_hal.o
pFlash              0x20              Drivers/STM32F0xx_HAL_Driver/Src/stm32f0xx_hal_flash.o
htim1               0x40              Core/Src/tim.o
htim2               0x40              Core/Src/tim.o
htim14              0x40              Core/Src/tim.o

Discarded input sections

 .text          0x0000000000000000        0x0 /home/chris/st/stm32cubeide_1.2.0/plugins/com.st.stm32cube.ide.mcu.externaltools.gnu-tools-for-stm32.7-2018-q2-update.linux64_1.0.0.201904181610/tools/bin/../lib/gcc/arm-none-eabi/7.3.1/thumb/v6-m/crti.o
 .data          0x0000000000000000        0x0 /home/chris/st/stm32cubeide_1.2.0/plugins/com.st.stm32cube.ide.mcu.externaltools.gnu-tools-for-stm32.7-2018-q2-update.linux64_1.0.0.201904181610/tools/bin/../lib/gcc/arm-none-eabi/7.3.1/thumb/v6-m/crti.o
 .bss           0x0000000000000000        0x0 /home/chris/st/stm32cubeide_1.2.0/plugins/com.st.stm32cube.ide.mcu.externaltools.gnu-tools-for-stm32.7-2018-q2-update.linux64_1.0.0.201904181610/tools/bin/../lib/gcc/arm-none-eabi/7.3.1/thumb/v6-m/crti.o
 .data          0x0000000000000000        0x4 /home/chris/st/stm32cubeide_1.2.0/plugins/com.st.stm32cube.ide.mcu.externaltools.gnu-tools-for-stm32.7-2018-q2-update.linux64_1.0.0.201904181610/tools/bin/../lib/gcc/arm-none-eabi/7.3.1/thumb/v6-m/crtbegin.o
[...]
Memory Configuration

Name             Origin             Length             Attributes
RAM              0x0000000020000000 0x0000000000002000 xrw
FLASH            0x0000000008000000 0x0000000000010000 xr
*default*        0x0000000000000000 0xffffffffffffffff

Linker script and memory map

LOAD /home/chris/st/stm32cubeide_1.2.0/plugins/com.st.stm32cube.ide.mcu.externaltools.gnu-tools-for-stm32.7-2018-q2-update.linux64_1.0.0.201904181610/tools/bin/../lib/gcc/arm-none-eabi/7.3.1/thumb/v6-m/crti.o
LOAD /home/chris/st/stm32cubeide_1.2.0/plugins/com.st.stm32cube.ide.mcu.externaltools.gnu-tools-for-stm32.7-2018-q2-update.linux64_1.0.0.201904181610/tools/bin/../lib/gcc/arm-none-eabi/7.3.1/thumb/v6-m/crtbegin.o
LOAD /home/chris/st/stm32cubeide_1.2.0/plugins/com.st.stm32cube.ide.mcu.externaltools.gnu-tools-for-stm32.7-2018-q2-update.linux64_1.0.0.201904181610/tools/bin/../lib/gcc/arm-none-eabi/7.3.1/../../../../arm-none-eabi/lib/thumb/v6-m/crt0.o
LOAD Core/Src/gpio.o
LOAD Core/Src/main.o
LOAD Core/Src/stm32f0xx_hal_msp.o
LOAD Core/Src/stm32f0xx_it.o
LOAD Core/Src/syscalls.o
LOAD Core/Src/sysmem.o
LOAD Core/Src/system_stm32f0xx.o
LOAD Core/Src/tim.o
LOAD Core/Startup/startup_stm32f051k8tx.o
LOAD Drivers/STM32F0xx_HAL_Driver/Src/stm32f0xx_hal.o
LOAD Drivers/STM32F0xx_HAL_Driver/Src/stm32f0xx_hal_cortex.o
LOAD Drivers/STM32F0xx_HAL_Driver/Src/stm32f0xx_hal_dma.o
LOAD Drivers/STM32F0xx_HAL_Driver/Src/stm32f0xx_hal_exti.o
LOAD Drivers/STM32F0xx_HAL_Driver/Src/stm32f0xx_hal_flash.o
LOAD Drivers/STM32F0xx_HAL_Driver/Src/stm32f0xx_hal_flash_ex.o
LOAD Drivers/STM32F0xx_HAL_Driver/Src/stm32f0xx_hal_gpio.o
LOAD Drivers/STM32F0xx_HAL_Driver/Src/stm32f0xx_hal_i2c.o
LOAD Drivers/STM32F0xx_HAL_Driver/Src/stm32f0xx_hal_i2c_ex.o
LOAD Drivers/STM32F0xx_HAL_Driver/Src/stm32f0xx_hal_pwr.o
LOAD Drivers/STM32F0xx_HAL_Driver/Src/stm32f0xx_hal_pwr_ex.o
LOAD Drivers/STM32F0xx_HAL_Driver/Src/stm32f0xx_hal_rcc.o
LOAD Drivers/STM32F0xx_HAL_Driver/Src/stm32f0xx_hal_rcc_ex.o
LOAD Drivers/STM32F0xx_HAL_Driver/Src/stm32f0xx_hal_tim.o
LOAD Drivers/STM32F0xx_HAL_Driver/Src/stm32f0xx_hal_tim_ex.o
START GROUP
LOAD /home/chris/st/stm32cubeide_1.2.0/plugins/com.st.stm32cube.ide.mcu.externaltools.gnu-tools-for-stm32.7-2018-q2-update.linux64_1.0.0.201904181610/tools/bin/../lib/gcc/arm-none-eabi/7.3.1/../../../../arm-none-eabi/lib/thumb/v6-m/libc_nano.a
LOAD /home/chris/st/stm32cubeide_1.2.0/plugins/com.st.stm32cube.ide.mcu.externaltools.gnu-tools-for-stm32.7-2018-q2-update.linux64_1.0.0.201904181610/tools/bin/../lib/gcc/arm-none-eabi/7.3.1/../../../../arm-none-eabi/lib/thumb/v6-m/libm.a
END GROUP
START GROUP
LOAD /home/chris/st/stm32cubeide_1.2.0/plugins/com.st.stm32cube.ide.mcu.externaltools.gnu-tools-for-stm32.7-2018-q2-update.linux64_1.0.0.201904181610/tools/bin/../lib/gcc/arm-none-eabi/7.3.1/thumb/v6-m/libgcc.a
LOAD /home/chris/st/stm32cubeide_1.2.0/plugins/com.st.stm32cube.ide.mcu.externaltools.gnu-tools-for-stm32.7-2018-q2-update.linux64_1.0.0.201904181610/tools/bin/../lib/gcc/arm-none-eabi/7.3.1/../../../../arm-none-eabi/lib/thumb/v6-m/libc_nano.a
END GROUP
START GROUP
LOAD /home/chris/st/stm32cubeide_1.2.0/plugins/com.st.stm32cube.ide.mcu.externaltools.gnu-tools-for-stm32.7-2018-q2-update.linux64_1.0.0.201904181610/tools/bin/../lib/gcc/arm-none-eabi/7.3.1/thumb/v6-m/libgcc.a
LOAD /home/chris/st/stm32cubeide_1.2.0/plugins/com.st.stm32cube.ide.mcu.externaltools.gnu-tools-for-stm32.7-2018-q2-update.linux64_1.0.0.201904181610/tools/bin/../lib/gcc/arm-none-eabi/7.3.1/../../../../arm-none-eabi/lib/thumb/v6-m/libc_nano.a
LOAD /home/chris/st/stm32cubeide_1.2.0/plugins/com.st.stm32cube.ide.mcu.externaltools.gnu-tools-for-stm32.7-2018-q2-update.linux64_1.0.0.201904181610/tools/bin/../lib/gcc/arm-none-eabi/7.3.1/../../../../arm-none-eabi/lib/thumb/v6-m/libnosys.a
END GROUP
START GROUP
LOAD /home/chris/st/stm32cubeide_1.2.0/plugins/com.st.stm32cube.ide.mcu.externaltools.gnu-tools-for-stm32.7-2018-q2-update.linux64_1.0.0.201904181610/tools/bin/../lib/gcc/arm-none-eabi/7.3.1/thumb/v6-m/libgcc.a
LOAD /home/chris/st/stm32cubeide_1.2.0/plugins/com.st.stm32cube.ide.mcu.externaltools.gnu-tools-for-stm32.7-2018-q2-update.linux64_1.0.0.201904181610/tools/bin/../lib/gcc/arm-none-eabi/7.3.1/../../../../arm-none-eabi/lib/thumb/v6-m/libc_nano.a
LOAD /home/chris/st/stm32cubeide_1.2.0/plugins/com.st.stm32cube.ide.mcu.externaltools.gnu-tools-for-stm32.7-2018-q2-update.linux64_1.0.0.201904181610/tools/bin/../lib/gcc/arm-none-eabi/7.3.1/../../../../arm-none-eabi/lib/thumb/v6-m/libnosys.a
END GROUP
LOAD /home/chris/st/stm32cubeide_1.2.0/plugins/com.st.stm32cube.ide.mcu.externaltools.gnu-tools-for-stm32.7-2018-q2-update.linux64_1.0.0.201904181610/tools/bin/../lib/gcc/arm-none-eabi/7.3.1/thumb/v6-m/crtend.o
LOAD /home/chris/st/stm32cubeide_1.2.0/plugins/com.st.stm32cube.ide.mcu.externaltools.gnu-tools-for-stm32.7-2018-q2-update.linux64_1.0.0.201904181610/tools/bin/../lib/gcc/arm-none-eabi/7.3.1/thumb/v6-m/crtn.o
                0x0000000020002000                _estack = (ORIGIN (RAM) + LENGTH (RAM))
                0x0000000000000200                _Min_Heap_Size = 0x200
                0x0000000000000400                _Min_Stack_Size = 0x400

.isr_vector     0x0000000008000000       0xc0
                0x0000000008000000                . = ALIGN (0x4)
 *(.isr_vector)
 .isr_vector    0x0000000008000000       0xc0 Core/Startup/startup_stm32f051k8tx.o
                0x0000000008000000                g_pfnVectors
                0x00000000080000c0                . = ALIGN (0x4)

.text           0x00000000080000c0     0x282c
                0x00000000080000c0                . = ALIGN (0x4)
 *(.text)
 .text          0x00000000080000c0       0x48 /home/chris/st/stm32cubeide_1.2.0/plugins/com.st.stm32cube.ide.mcu.externaltools.gnu-tools-for-stm32.7-2018-q2-update.linux64_1.0.0.201904181610/tools/bin/../lib/gcc/arm-none-eabi/7.3.1/thumb/v6-m/crtbegin.o
 .text          0x0000000008000108      0x114 /home/chris/st/stm32cubeide_1.2.0/plugins/com.st.stm32cube.ide.mcu.externaltools.gnu-tools-for-stm32.7-2018-q2-update.linux64_1.0.0.201904181610/tools/bin/../lib/gcc/arm-none-eabi/7.3.1/thumb/v6-m/libgcc.a(_udivsi3.o)
                0x0000000008000108                __udivsi3
                0x0000000008000108                __aeabi_uidiv
                0x0000000008000214                __aeabi_uidivmod
 .text          0x000000000800021c        0x4 /home/chris/st/stm32cubeide_1.2.0/plugins/com.st.stm32cube.ide.mcu.externaltools.gnu-tools-for-stm32.7-2018-q2-update.linux64_1.0.0.201904181610/tools/bin/../lib/gcc/arm-none-eabi/7.3.1/thumb/v6-m/libgcc.a(_dvmd_tls.o)
                0x000000000800021c                __aeabi_ldiv0
                0x000000000800021c                __aeabi_idiv0
 *(.text*)
 .text.MX_GPIO_Init
                0x0000000008000220       0xc4 Core/Src/gpio.o
                0x0000000008000220                MX_GPIO_Init
 .text.main     0x00000000080002e4      0x1ac Core/Src/main.o
                0x00000000080002e4                main
 .text.SystemClock_Config
                0x0000000008000490       0x80 Core/Src/main.o
                0x0000000008000490                SystemClock_Config
 .text.Error_Handler
                0x0000000008000510        0xa Core/Src/main.o
                0x0000000008000510                Error_Handler
 *fill*         0x000000000800051a        0x2 
 .text.HAL_MspInit
                0x000000000800051c       0x48 Core/Src/stm32f0xx_hal_msp.o
                0x000000000800051c                HAL_MspInit
 .text.NMI_Handler
                0x0000000008000564        0xa Core/Src/stm32f0xx_it.o
                0x0000000008000564                NMI_Handler
 .text.HardFault_Handler
                0x000000000800056e        0x6 Core/Src/stm32f0xx_it.o
                0x000000000800056e                HardFault_Handler
 .text.SVC_Handler
                0x0000000008000574        0xa Core/Src/stm32f0xx_it.o
                0x0000000008000574                SVC_Handler
 .text.PendSV_Handler
                0x000000000800057e        0xa Core/Src/stm32f0xx_it.o
                0x000000000800057e                PendSV_Handler
 .text.SysTick_Handler
                0x0000000008000588        0xe Core/Src/stm32f0xx_it.o
                0x0000000008000588                SysTick_Handler
 *fill*         0x0000000008000596        0x2 
 .text.EXTI0_1_IRQHandler
                0x0000000008000598       0xa0 Core/Src/stm32f0xx_it.o
                0x0000000008000598                EXTI0_1_IRQHandler
 .text.TIM2_IRQHandler
                0x0000000008000638       0x18 Core/Src/stm32f0xx_it.o
                0x0000000008000638                TIM2_IRQHandler
 .text.SystemInit
                0x0000000008000650        0xa Core/Src/system_stm32f0xx.o
                0x0000000008000650                SystemInit
 *fill*         0x000000000800065a        0x2 
 .text.MX_TIM1_Init
                0x000000000800065c      0x16c Core/Src/tim.o
                0x000000000800065c                MX_TIM1_Init
 .text.MX_TIM2_Init
                0x00000000080007c8       0xc4 Core/Src/tim.o
                0x00000000080007c8                MX_TIM2_Init
 .text.MX_TIM14_Init
                0x000000000800088c       0x9c Core/Src/tim.o
                0x000000000800088c                MX_TIM14_Init
 .text.MX_TIM17_Init
                0x0000000008000928       0x50 Core/Src/tim.o
                0x0000000008000928                MX_TIM17_Init
 .text.HAL_TIM_PWM_MspInit
                0x0000000008000978       0x40 Core/Src/tim.o
                0x0000000008000978                HAL_TIM_PWM_MspInit
 .text.HAL_TIM_Encoder_MspInit
                0x00000000080009b8       0xf4 Core/Src/tim.o
                0x00000000080009b8                HAL_TIM_Encoder_MspInit
 .text.HAL_TIM_Base_MspInit
                0x0000000008000aac       0x6c Core/Src/tim.o
                0x0000000008000aac                HAL_TIM_Base_MspInit
 .text.HAL_TIM_MspPostInit
                0x0000000008000b18       0xdc Core/Src/tim.o
                0x0000000008000b18                HAL_TIM_MspPostInit
 .text.Reset_Handler
                0x0000000008000bf4       0x50 Core/Startup/startup_stm32f051k8tx.o
                0x0000000008000bf4                Reset_Handler
 .text.Default_Handler
                0x0000000008000c44        0x2 Core/Startup/startup_stm32f051k8tx.o
                0x0000000008000c44                TIM1_CC_IRQHandler
                0x0000000008000c44                TSC_IRQHandler
                0x0000000008000c44                ADC1_COMP_IRQHandler
                0x0000000008000c44                PVD_IRQHandler
                0x0000000008000c44                I2C1_IRQHandler
                0x0000000008000c44                RCC_CRS_IRQHandler
                0x0000000008000c44                SPI1_IRQHandler
                0x0000000008000c44                TIM6_DAC_IRQHandler
                0x0000000008000c44                EXTI2_3_IRQHandler
                0x0000000008000c44                I2C2_IRQHandler
                0x0000000008000c44                TIM17_IRQHandler
                0x0000000008000c44                CEC_CAN_IRQHandler
                0x0000000008000c44                RTC_IRQHandler
                0x0000000008000c44                TIM16_IRQHandler
                0x0000000008000c44                TIM3_IRQHandler
                0x0000000008000c44                EXTI4_15_IRQHandler
                0x0000000008000c44                DMA1_Channel1_IRQHandler
                0x0000000008000c44                Default_Handler
                0x0000000008000c44                TIM14_IRQHandler
                0x0000000008000c44                DMA1_Channel4_5_IRQHandler
                0x0000000008000c44                TIM15_IRQHandler
                0x0000000008000c44                SPI2_IRQHandler
                0x0000000008000c44                WWDG_IRQHandler
                0x0000000008000c44                DMA1_Channel2_3_IRQHandler
                0x0000000008000c44                USART2_IRQHandler
                0x0000000008000c44                FLASH_IRQHandler
                0x0000000008000c44                USART1_IRQHandler
                0x0000000008000c44                TIM1_BRK_UP_TRG_COM_IRQHandler
 *fill*         0x0000000008000c46        0x2 
 .text.HAL_Init
                0x0000000008000c48       0x28 Drivers/STM32F0xx_HAL_Driver/Src/stm32f0xx_hal.o
                0x0000000008000c48                HAL_Init
 .text.HAL_InitTick
                0x0000000008000c70       0x68 Drivers/STM32F0xx_HAL_Driver/Src/stm32f0xx_hal.o
                0x0000000008000c70                HAL_InitTick
 .text.HAL_IncTick
                0x0000000008000cd8       0x24 Drivers/STM32F0xx_HAL_Driver/Src/stm32f0xx_hal.o
                0x0000000008000cd8                HAL_IncTick
 .text.HAL_GetTick
                0x0000000008000cfc       0x14 Drivers/STM32F0xx_HAL_Driver/Src/stm32f0xx_hal.o
                0x0000000008000cfc                HAL_GetTick
 .text.__NVIC_EnableIRQ
                0x0000000008000d10       0x34 Drivers/STM32F0xx_HAL_Driver/Src/stm32f0xx_hal_cortex.o
 .text.__NVIC_SetPriority
                0x0000000008000d44       0xdc Drivers/STM32F0xx_HAL_Driver/Src/stm32f0xx_hal_cortex.o
 .text.SysTick_Config
                0x0000000008000e20       0x48 Drivers/STM32F0xx_HAL_Driver/Src/stm32f0xx_hal_cortex.o
 .text.HAL_NVIC_SetPriority
                0x0000000008000e68       0x2a Drivers/STM32F0xx_HAL_Driver/Src/stm32f0xx_hal_cortex.o
                0x0000000008000e68                HAL_NVIC_SetPriority
 .text.HAL_NVIC_EnableIRQ
                0x0000000008000e92       0x20 Drivers/STM32F0xx_HAL_Driver/Src/stm32f0xx_hal_cortex.o
                0x0000000008000e92                HAL_NVIC_EnableIRQ
 .text.HAL_SYSTICK_Config
                0x0000000008000eb2       0x1a Drivers/STM32F0xx_HAL_Driver/Src/stm32f0xx_hal_cortex.o
                0x0000000008000eb2                HAL_SYSTICK_Config
 .text.HAL_GPIO_Init
                0x0000000008000ecc      0x2e0 Drivers/STM32F0xx_HAL_Driver/Src/stm32f0xx_hal_gpio.o
                0x0000000008000ecc                HAL_GPIO_Init
 .text.HAL_GPIO_WritePin
                0x00000000080011ac       0x3a Drivers/STM32F0xx_HAL_Driver/Src/stm32f0xx_hal_gpio.o
                0x00000000080011ac                HAL_GPIO_WritePin
 .text.HAL_GPIO_TogglePin
                0x00000000080011e6       0x36 Drivers/STM32F0xx_HAL_Driver/Src/stm32f0xx_hal_gpio.o
                0x00000000080011e6                HAL_GPIO_TogglePin
 .text.HAL_GPIO_EXTI_IRQHandler
                0x000000000800121c       0x38 Drivers/STM32F0xx_HAL_Driver/Src/stm32f0xx_hal_gpio.o
                0x000000000800121c                HAL_GPIO_EXTI_IRQHandler
 .text.HAL_GPIO_EXTI_Callback
                0x0000000008001254       0x14 Drivers/STM32F0xx_HAL_Driver/Src/stm32f0xx_hal_gpio.o
                0x0000000008001254                HAL_GPIO_EXTI_Callback
 .text.HAL_RCC_OscConfig
                0x0000000008001268      0x638 Drivers/STM32F0xx_HAL_Driver/Src/stm32f0xx_hal_rcc.o
                0x0000000008001268                HAL_RCC_OscConfig
 .text.HAL_RCC_ClockConfig
                0x00000000080018a0      0x19c Drivers/STM32F0xx_HAL_Driver/Src/stm32f0xx_hal_rcc.o
                0x00000000080018a0                HAL_RCC_ClockConfig
 .text.HAL_RCC_GetSysClockFreq
                0x0000000008001a3c       0xc8 Drivers/STM32F0xx_HAL_Driver/Src/stm32f0xx_hal_rcc.o
                0x0000000008001a3c                HAL_RCC_GetSysClockFreq
 .text.HAL_TIM_Base_Init
                0x0000000008001b04       0x58 Drivers/STM32F0xx_HAL_Driver/Src/stm32f0xx_hal_tim.o
                0x0000000008001b04                HAL_TIM_Base_Init
 .text.HAL_TIM_Base_Start
                0x0000000008001b5c       0x44 Drivers/STM32F0xx_HAL_Driver/Src/stm32f0xx_hal_tim.o
                0x0000000008001b5c                HAL_TIM_Base_Start
 .text.HAL_TIM_PWM_Init
                0x0000000008001ba0       0x58 Drivers/STM32F0xx_HAL_Driver/Src/stm32f0xx_hal_tim.o
                0x0000000008001ba0                HAL_TIM_PWM_Init
 .text.HAL_TIM_PWM_Start
                0x0000000008001bf8       0x98 Drivers/STM32F0xx_HAL_Driver/Src/stm32f0xx_hal_tim.o
                0x0000000008001bf8                HAL_TIM_PWM_Start
 .text.HAL_TIM_Encoder_Init
                0x0000000008001c90      0x128 Drivers/STM32F0xx_HAL_Driver/Src/stm32f0xx_hal_tim.o
                0x0000000008001c90                HAL_TIM_Encoder_Init
 .text.HAL_TIM_IRQHandler
                0x0000000008001db8      0x22c Drivers/STM32F0xx_HAL_Driver/Src/stm32f0xx_hal_tim.o
                0x0000000008001db8                HAL_TIM_IRQHandler
 .text.HAL_TIM_PWM_ConfigChannel
                0x0000000008001fe4      0x170 Drivers/STM32F0xx_HAL_Driver/Src/stm32f0xx_hal_tim.o
                0x0000000008001fe4                HAL_TIM_PWM_ConfigChannel
 .text.HAL_TIM_PeriodElapsedCallback
                0x0000000008002154       0x10 Drivers/STM32F0xx_HAL_Driver/Src/stm32f0xx_hal_tim.o
                0x0000000008002154                HAL_TIM_PeriodElapsedCallback
 .text.HAL_TIM_OC_DelayElapsedCallback
                0x0000000008002164       0x10 Drivers/STM32F0xx_HAL_Driver/Src/stm32f0xx_hal_tim.o
                0x0000000008002164                HAL_TIM_OC_DelayElapsedCallback
 .text.HAL_TIM_IC_CaptureCallback
                0x0000000008002174       0x10 Drivers/STM32F0xx_HAL_Driver/Src/stm32f0xx_hal_tim.o
                0x0000000008002174                HAL_TIM_IC_CaptureCallback
 .text.HAL_TIM_PWM_PulseFinishedCallback
                0x0000000008002184       0x10 Drivers/STM32F0xx_HAL_Driver/Src/stm32f0xx_hal_tim.o
                0x0000000008002184                HAL_TIM_PWM_PulseFinishedCallback
 .text.HAL_TIM_TriggerCallback
                0x0000000008002194       0x10 Drivers/STM32F0xx_HAL_Driver/Src/stm32f0xx_hal_tim.o
                0x0000000008002194                HAL_TIM_TriggerCallback
 .text.TIM_Base_SetConfig
                0x00000000080021a4      0x100 Drivers/STM32F0xx_HAL_Driver/Src/stm32f0xx_hal_tim.o
                0x00000000080021a4                TIM_Base_SetConfig
 .text.TIM_OC1_SetConfig
                0x00000000080022a4      0x110 Drivers/STM32F0xx_HAL_Driver/Src/stm32f0xx_hal_tim.o
 .text.TIM_OC2_SetConfig
                0x00000000080023b4      0x108 Drivers/STM32F0xx_HAL_Driver/Src/stm32f0xx_hal_tim.o
                0x00000000080023b4                TIM_OC2_SetConfig
 .text.TIM_OC3_SetConfig
                0x00000000080024bc      0x10c Drivers/STM32F0xx_HAL_Driver/Src/stm32f0xx_hal_tim.o
 .text.TIM_OC4_SetConfig
                0x00000000080025c8       0xd4 Drivers/STM32F0xx_HAL_Driver/Src/stm32f0xx_hal_tim.o
 .text.TIM_CCxChannelCmd
                0x000000000800269c       0x46 Drivers/STM32F0xx_HAL_Driver/Src/stm32f0xx_hal_tim.o
                0x000000000800269c                TIM_CCxChannelCmd
 *fill*         0x00000000080026e2        0x2 
 .text.HAL_TIMEx_MasterConfigSynchronization
                0x00000000080026e4       0xbc Drivers/STM32F0xx_HAL_Driver/Src/stm32f0xx_hal_tim_ex.o
                0x00000000080026e4                HAL_TIMEx_MasterConfigSynchronization
 .text.HAL_TIMEx_ConfigBreakDeadTime
                0x00000000080027a0       0xbc Drivers/STM32F0xx_HAL_Driver/Src/stm32f0xx_hal_tim_ex.o
                0x00000000080027a0                HAL_TIMEx_ConfigBreakDeadTime
 .text.HAL_TIMEx_CommutCallback
                0x000000000800285c       0x10 Drivers/STM32F0xx_HAL_Driver/Src/stm32f0xx_hal_tim_ex.o
                0x000000000800285c                HAL_TIMEx_CommutCallback
 .text.HAL_TIMEx_BreakCallback
                0x000000000800286c       0x10 Drivers/STM32F0xx_HAL_Driver/Src/stm32f0xx_hal_tim_ex.o
                0x000000000800286c                HAL_TIMEx_BreakCallback
 .text.__libc_init_array
                0x000000000800287c       0x48 /home/chris/st/stm32cubeide_1.2.0/plugins/com.st.stm32cube.ide.mcu.externaltools.gnu-tools-for-stm32.7-2018-q2-update.linux64_1.0.0.201904181610/tools/bin/../lib/gcc/arm-none-eabi/7.3.1/../../../../arm-none-eabi/lib/thumb/v6-m/libc_nano.a(lib_a-init.o)
                0x000000000800287c                __libc_init_array
 .text.memset   0x00000000080028c4       0x10 /home/chris/st/stm32cubeide_1.2.0/plugins/com.st.stm32cube.ide.mcu.externaltools.gnu-tools-for-stm32.7-2018-q2-update.linux64_1.0.0.201904181610/tools/bin/../lib/gcc/arm-none-eabi/7.3.1/../../../../arm-none-eabi/lib/thumb/v6-m/libc_nano.a(lib_a-memset.o)
                0x00000000080028c4                memset
 *(.glue_7)
 .glue_7        0x00000000080028d4        0x0 linker stubs
 *(.glue_7t)
 .glue_7t       0x00000000080028d4        0x0 linker stubs
 *(.eh_frame)
 .eh_frame      0x00000000080028d4        0x0 /home/chris/st/stm32cubeide_1.2.0/plugins/com.st.stm32cube.ide.mcu.externaltools.gnu-tools-for-stm32.7-2018-q2-update.linux64_1.0.0.201904181610/tools/bin/../lib/gcc/arm-none-eabi/7.3.1/thumb/v6-m/crtbegin.o
 *(.init)
 .init          0x00000000080028d4        0x4 /home/chris/st/stm32cubeide_1.2.0/plugins/com.st.stm32cube.ide.mcu.externaltools.gnu-tools-for-stm32.7-2018-q2-update.linux64_1.0.0.201904181610/tools/bin/../lib/gcc/arm-none-eabi/7.3.1/thumb/v6-m/crti.o
                0x00000000080028d4                _init
 .init          0x00000000080028d8        0x8 /home/chris/st/stm32cubeide_1.2.0/plugins/com.st.stm32cube.ide.mcu.externaltools.gnu-tools-for-stm32.7-2018-q2-update.linux64_1.0.0.201904181610/tools/bin/../lib/gcc/arm-none-eabi/7.3.1/thumb/v6-m/crtn.o
 *(.fini)
 .fini          0x00000000080028e0        0x4 /home/chris/st/stm32cubeide_1.2.0/plugins/com.st.stm32cube.ide.mcu.externaltools.gnu-tools-for-stm32.7-2018-q2-update.linux64_1.0.0.201904181610/tools/bin/../lib/gcc/arm-none-eabi/7.3.1/thumb/v6-m/crti.o
                0x00000000080028e0                _fini
 .fini          0x00000000080028e4        0x8 /home/chris/st/stm32cubeide_1.2.0/plugins/com.st.stm32cube.ide.mcu.externaltools.gnu-tools-for-stm32.7-2018-q2-update.linux64_1.0.0.201904181610/tools/bin/../lib/gcc/arm-none-eabi/7.3.1/thumb/v6-m/crtn.o
                0x00000000080028ec                . = ALIGN (0x4)
                0x00000000080028ec                _etext = .

.vfp11_veneer   0x00000000080028ec        0x0
 .vfp11_veneer  0x00000000080028ec        0x0 linker stubs

.v4_bx          0x00000000080028ec        0x0
 .v4_bx         0x00000000080028ec        0x0 linker stubs

.iplt           0x00000000080028ec        0x0
 .iplt          0x00000000080028ec        0x0 /home/chris/st/stm32cubeide_1.2.0/plugins/com.st.stm32cube.ide.mcu.externaltools.gnu-tools-for-stm32.7-2018-q2-update.linux64_1.0.0.201904181610/tools/bin/../lib/gcc/arm-none-eabi/7.3.1/thumb/v6-m/crtbegin.o

.rodata         0x00000000080028ec       0x30
                0x00000000080028ec                . = ALIGN (0x4)
 *(.rodata)
 .rodata        0x00000000080028ec       0x20 Drivers/STM32F0xx_HAL_Driver/Src/stm32f0xx_hal_rcc.o
 *(.rodata*)
 .rodata.AHBPrescTable
                0x000000000800290c       0x10 Core/Src/system_stm32f0xx.o
                0x000000000800290c                AHBPrescTable
                0x000000000800291c                . = ALIGN (0x4)

.rel.dyn        0x000000000800291c        0x0
 .rel.iplt      0x000000000800291c        0x0 /home/chris/st/stm32cubeide_1.2.0/plugins/com.st.stm32cube.ide.mcu.externaltools.gnu-tools-for-stm32.7-2018-q2-update.linux64_1.0.0.201904181610/tools/bin/../lib/gcc/arm-none-eabi/7.3.1/thumb/v6-m/crtbegin.o

.ARM.extab      0x000000000800291c        0x0
                0x000000000800291c                . = ALIGN (0x4)
 *(.ARM.extab* .gnu.linkonce.armextab.*)
                0x000000000800291c                . = ALIGN (0x4)

.ARM            0x000000000800291c        0x0
                0x000000000800291c                . = ALIGN (0x4)
                0x000000000800291c                __exidx_start = .
 *(.ARM.exidx*)
                0x000000000800291c                __exidx_end = .
                0x000000000800291c                . = ALIGN (0x4)

.preinit_array  0x000000000800291c        0x0
                0x000000000800291c                . = ALIGN (0x4)
                0x000000000800291c                PROVIDE (__preinit_array_start = .)
 *(.preinit_array*)
                0x000000000800291c                PROVIDE (__preinit_array_end = .)
                0x000000000800291c                . = ALIGN (0x4)

.init_array     0x000000000800291c        0x4
                0x000000000800291c                . = ALIGN (0x4)
                0x000000000800291c                PROVIDE (__init_array_start = .)
 *(SORT_BY_NAME(.init_array.*))
 *(.init_array*)
 .init_array    0x000000000800291c        0x4 /home/chris/st/stm32cubeide_1.2.0/plugins/com.st.stm32cube.ide.mcu.externaltools.gnu-tools-for-stm32.7-2018-q2-update.linux64_1.0.0.201904181610/tools/bin/../lib/gcc/arm-none-eabi/7.3.1/thumb/v6-m/crtbegin.o
                0x0000000008002920                PROVIDE (__init_array_end = .)
                0x0000000008002920                . = ALIGN (0x4)

.fini_array     0x0000000008002920        0x4
                0x0000000008002920                . = ALIGN (0x4)
                [!provide]                        PROVIDE (__fini_array_start = .)
 *(SORT_BY_NAME(.fini_array.*))
 *(.fini_array*)
 .fini_array    0x0000000008002920        0x4 /home/chris/st/stm32cubeide_1.2.0/plugins/com.st.stm32cube.ide.mcu.externaltools.gnu-tools-for-stm32.7-2018-q2-update.linux64_1.0.0.201904181610/tools/bin/../lib/gcc/arm-none-eabi/7.3.1/thumb/v6-m/crtbegin.o
                [!provide]                        PROVIDE (__fini_array_end = .)
                0x0000000008002924                . = ALIGN (0x4)
                0x0000000008002924                _sidata = LOADADDR (.data)

.data           0x0000000020000000        0xc load address 0x0000000008002924
                0x0000000020000000                . = ALIGN (0x4)
                0x0000000020000000                _sdata = .
 *(.data)
 *(.data*)
 .data.SystemCoreClock
                0x0000000020000000        0x4 Core/Src/system_stm32f0xx.o
                0x0000000020000000                SystemCoreClock
 .data.uwTickPrio
                0x0000000020000004        0x4 Drivers/STM32F0xx_HAL_Driver/Src/stm32f0xx_hal.o
                0x0000000020000004                uwTickPrio
 .data.uwTickFreq
                0x0000000020000008        0x1 Drivers/STM32F0xx_HAL_Driver/Src/stm32f0xx_hal.o
                0x0000000020000008                uwTickFreq
                0x000000002000000c                . = ALIGN (0x4)
 *fill*         0x0000000020000009        0x3 
                0x000000002000000c                _edata = .

.igot.plt       0x000000002000000c        0x0 load address 0x0000000008002930
 .igot.plt      0x000000002000000c        0x0 /home/chris/st/stm32cubeide_1.2.0/plugins/com.st.stm32cube.ide.mcu.externaltools.gnu-tools-for-stm32.7-2018-q2-update.linux64_1.0.0.201904181610/tools/bin/../lib/gcc/arm-none-eabi/7.3.1/thumb/v6-m/crtbegin.o
                0x000000002000000c                . = ALIGN (0x4)

.bss            0x000000002000000c      0x124 load address 0x0000000008002930
                0x000000002000000c                _sbss = .
                0x000000002000000c                __bss_start__ = _sbss
 *(.bss)
 .bss           0x000000002000000c       0x1c /home/chris/st/stm32cubeide_1.2.0/plugins/com.st.stm32cube.ide.mcu.externaltools.gnu-tools-for-stm32.7-2018-q2-update.linux64_1.0.0.201904181610/tools/bin/../lib/gcc/arm-none-eabi/7.3.1/thumb/v6-m/crtbegin.o
 *(.bss*)
 .bss.last_interrupt_time
                0x0000000020000028        0x2 Core/Src/stm32f0xx_it.o
                0x0000000020000028                last_interrupt_time
 *(COMMON)
 *fill*         0x000000002000002a        0x2 
 COMMON         0x000000002000002c      0x100 Core/Src/tim.o
                0x000000002000002c                htim17
                0x000000002000006c                htim1
                0x00000000200000ac                htim2
                0x00000000200000ec                htim14
 COMMON         0x000000002000012c        0x4 Drivers/STM32F0xx_HAL_Driver/Src/stm32f0xx_hal.o
                0x000000002000012c                uwTick
                0x0000000020000130                . = ALIGN (0x4)
                0x0000000020000130                _ebss = .
                0x0000000020000130                __bss_end__ = _ebss

._user_heap_stack
                0x0000000020000130      0x600 load address 0x0000000008002930
                0x0000000020000130                . = ALIGN (0x8)
                0x0000000020000130                PROVIDE (end = .)
                [!provide]                        PROVIDE (_end = .)
                0x0000000020000330                . = (. + _Min_Heap_Size)
 *fill*         0x0000000020000130      0x200 
                0x0000000020000730                . = (. + _Min_Stack_Size)
 *fill*         0x0000000020000330      0x400 
                0x0000000020000730                . = ALIGN (0x8)

/DISCARD/
 libc.a(*)
 libm.a(*)
 libgcc.a(*)

.ARM.attributes
                0x0000000000000000       0x28
 *(.ARM.attributes)
 .ARM.attributes
                0x0000000000000000       0x1e /home/chris/st/stm32cubeide_1.2.0/plugins/com.st.stm32cube.ide.mcu.externaltools.gnu-tools-for-stm32.7-2018-q2-update.linux64_1.0.0.201904181610/tools/bin/../lib/gcc/arm-none-eabi/7.3.1/thumb/v6-m/crti.o
 .ARM.attributes
                0x000000000000001e       0x2c /home/chris/st/stm32cubeide_1.2.0/plugins/com.st.stm32cube.ide.mcu.externaltools.gnu-tools-for-stm32.7-2018-q2-update.linux64_1.0.0.201904181610/tools/bin/../lib/gcc/arm-none-eabi/7.3.1/thumb/v6-m/crtbegin.o
 .ARM.attributes
                0x000000000000004a       0x31 Core/Src/gpio.o
 .ARM.attributes
                0x000000000000007b       0x31 Core/Src/main.o
 .ARM.attributes
                0x00000000000000ac       0x31 Core/Src/stm32f0xx_hal_msp.o
 .ARM.attributes
                0x00000000000000dd       0x31 Core/Src/stm32f0xx_it.o
 .ARM.attributes
                0x000000000000010e       0x31 Core/Src/system_stm32f0xx.o
 .ARM.attributes
                0x000000000000013f       0x31 Core/Src/tim.o
 .ARM.attributes
                0x0000000000000170       0x21 Core/Startup/startup_stm32f051k8tx.o
 .ARM.attributes
                0x0000000000000191       0x31 Drivers/STM32F0xx_HAL_Driver/Src/stm32f0xx_hal.o
 .ARM.attributes
                0x00000000000001c2       0x31 Drivers/STM32F0xx_HAL_Driver/Src/stm32f0xx_hal_cortex.o
 .ARM.attributes
                0x00000000000001f3       0x31 Drivers/STM32F0xx_HAL_Driver/Src/stm32f0xx_hal_gpio.o
 .ARM.attributes
                0x0000000000000224       0x31 Drivers/STM32F0xx_HAL_Driver/Src/stm32f0xx_hal_rcc.o
 .ARM.attributes
                0x0000000000000255       0x31 Drivers/STM32F0xx_HAL_Driver/Src/stm32f0xx_hal_tim.o
 .ARM.attributes
                0x0000000000000286       0x31 Drivers/STM32F0xx_HAL_Driver/Src/stm32f0xx_hal_tim_ex.o
 .ARM.attributes
                0x00000000000002b7       0x2c /home/chris/st/stm32cubeide_1.2.0/plugins/com.st.stm32cube.ide.mcu.externaltools.gnu-tools-for-stm32.7-2018-q2-update.linux64_1.0.0.201904181610/tools/bin/../lib/gcc/arm-none-eabi/7.3.1/../../../../arm-none-eabi/lib/thumb/v6-m/libc_nano.a(lib_a-init.o)
 .ARM.attributes
                0x00000000000002e3       0x2c /home/chris/st/stm32cubeide_1.2.0/plugins/com.st.stm32cube.ide.mcu.externaltools.gnu-tools-for-stm32.7-2018-q2-update.linux64_1.0.0.201904181610/tools/bin/../lib/gcc/arm-none-eabi/7.3.1/../../../../arm-none-eabi/lib/thumb/v6-m/libc_nano.a(lib_a-memset.o)
 .ARM.attributes
                0x000000000000030f       0x1e /home/chris/st/stm32cubeide_1.2.0/plugins/com.st.stm32cube.ide.mcu.externaltools.gnu-tools-for-stm32.7-2018-q2-update.linux64_1.0.0.201904181610/tools/bin/../lib/gcc/arm-none-eabi/7.3.1/thumb/v6-m/libgcc.a(_udivsi3.o)
 .ARM.attributes
                0x000000000000032d       0x1e /home/chris/st/stm32cubeide_1.2.0/plugins/com.st.stm32cube.ide.mcu.externaltools.gnu-tools-for-stm32.7-2018-q2-update.linux64_1.0.0.201904181610/tools/bin/../lib/gcc/arm-none-eabi/7.3.1/thumb/v6-m/libgcc.a(_dvmd_tls.o)
 .ARM.attributes
                0x000000000000034b       0x1e /home/chris/st/stm32cubeide_1.2.0/plugins/com.st.stm32cube.ide.mcu.externaltools.gnu-tools-for-stm32.7-2018-q2-update.linux64_1.0.0.201904181610/tools/bin/../lib/gcc/arm-none-eabi/7.3.1/thumb/v6-m/crtn.o
OUTPUT(UV_LED_DRIVER_SW_STM32L051.elf elf32-littlearm)

.debug_info     0x0000000000000000     0x792f
 .debug_info    0x0000000000000000      0x473 Core/Src/gpio.o
 .debug_info    0x0000000000000473      0x880 Core/Src/main.o
 .debug_info    0x0000000000000cf3      0x25e Core/Src/stm32f0xx_hal_msp.o
 .debug_info    0x0000000000000f51      0x72e Core/Src/stm32f0xx_it.o
 .debug_info    0x000000000000167f      0x29e Core/Src/system_stm32f0xx.o
 .debug_info    0x000000000000191d      0xd32 Core/Src/tim.o
 .debug_info    0x000000000000264f       0x22 Core/Startup/startup_stm32f051k8tx.o
 .debug_info    0x0000000000002671      0x6a8 Drivers/STM32F0xx_HAL_Driver/Src/stm32f0xx_hal.o
 .debug_info    0x0000000000002d19      0x77a Drivers/STM32F0xx_HAL_Driver/Src/stm32f0xx_hal_cortex.o
 .debug_info    0x0000000000003493      0x673 Drivers/STM32F0xx_HAL_Driver/Src/stm32f0xx_hal_gpio.o
 .debug_info    0x0000000000003b06      0x821 Drivers/STM32F0xx_HAL_Driver/Src/stm32f0xx_hal_rcc.o
 .debug_info    0x0000000000004327     0x2522 Drivers/STM32F0xx_HAL_Driver/Src/stm32f0xx_hal_tim.o
 .debug_info    0x0000000000006849     0x10e6 Drivers/STM32F0xx_HAL_Driver/Src/stm32f0xx_hal_tim_ex.o

.debug_abbrev   0x0000000000000000     0x159a
 .debug_abbrev  0x0000000000000000      0x13d Core/Src/gpio.o
 .debug_abbrev  0x000000000000013d      0x19d Core/Src/main.o
 .debug_abbrev  0x00000000000002da      0x109 Core/Src/stm32f0xx_hal_msp.o
 .debug_abbrev  0x00000000000003e3      0x1a3 Core/Src/stm32f0xx_it.o
 .debug_abbrev  0x0000000000000586      0x12b Core/Src/system_stm32f0xx.o
 .debug_abbrev  0x00000000000006b1      0x237 Core/Src/tim.o
 .debug_abbrev  0x00000000000008e8       0x12 Core/Startup/startup_stm32f051k8tx.o
 .debug_abbrev  0x00000000000008fa      0x1f2 Drivers/STM32F0xx_HAL_Driver/Src/stm32f0xx_hal.o
 .debug_abbrev  0x0000000000000aec      0x273 Drivers/STM32F0xx_HAL_Driver/Src/stm32f0xx_hal_cortex.o
 .debug_abbrev  0x0000000000000d5f      0x1c0 Drivers/STM32F0xx_HAL_Driver/Src/stm32f0xx_hal_gpio.o
 .debug_abbrev  0x0000000000000f1f      0x20f Drivers/STM32F0xx_HAL_Driver/Src/stm32f0xx_hal_rcc.o
 .debug_abbrev  0x000000000000112e      0x23f Drivers/STM32F0xx_HAL_Driver/Src/stm32f0xx_hal_tim.o
 .debug_abbrev  0x000000000000136d      0x22d Drivers/STM32F0xx_HAL_Driver/Src/stm32f0xx_hal_tim_ex.o

.debug_aranges  0x0000000000000000      0x8f0
 .debug_aranges
                0x0000000000000000       0x20 Core/Src/gpio.o
 .debug_aranges
                0x0000000000000020       0x30 Core/Src/main.o
 .debug_aranges
                0x0000000000000050       0x20 Core/Src/stm32f0xx_hal_msp.o
 .debug_aranges
                0x0000000000000070       0x50 Core/Src/stm32f0xx_it.o
 .debug_aranges
                0x00000000000000c0       0x28 Core/Src/system_stm32f0xx.o
 .debug_aranges
                0x00000000000000e8       0x70 Core/Src/tim.o
 .debug_aranges
                0x0000000000000158       0x28 Core/Startup/startup_stm32f051k8tx.o
 .debug_aranges
                0x0000000000000180       0xd0 Drivers/STM32F0xx_HAL_Driver/Src/stm32f0xx_hal.o
 .debug_aranges
                0x0000000000000250       0xc0 Drivers/STM32F0xx_HAL_Driver/Src/stm32f0xx_hal_cortex.o
 .debug_aranges
                0x0000000000000310       0x58 Drivers/STM32F0xx_HAL_Driver/Src/stm32f0xx_hal_gpio.o
 .debug_aranges
                0x0000000000000368       0x80 Drivers/STM32F0xx_HAL_Driver/Src/stm32f0xx_hal_rcc.o
 .debug_aranges
                0x00000000000003e8      0x3b8 Drivers/STM32F0xx_HAL_Driver/Src/stm32f0xx_hal_tim.o
 .debug_aranges
                0x00000000000007a0      0x150 Drivers/STM32F0xx_HAL_Driver/Src/stm32f0xx_hal_tim_ex.o

.debug_ranges   0x0000000000000000      0x828
 .debug_ranges  0x0000000000000000       0x10 Core/Src/gpio.o
 .debug_ranges  0x0000000000000010       0x20 Core/Src/main.o
 .debug_ranges  0x0000000000000030       0x10 Core/Src/stm32f0xx_hal_msp.o
 .debug_ranges  0x0000000000000040       0x40 Core/Src/stm32f0xx_it.o
 .debug_ranges  0x0000000000000080       0x18 Core/Src/system_stm32f0xx.o
 .debug_ranges  0x0000000000000098       0x60 Core/Src/tim.o
 .debug_ranges  0x00000000000000f8       0x20 Core/Startup/startup_stm32f051k8tx.o
 .debug_ranges  0x0000000000000118       0xc0 Drivers/STM32F0xx_HAL_Driver/Src/stm32f0xx_hal.o
 .debug_ranges  0x00000000000001d8       0xb0 Drivers/STM32F0xx_HAL_Driver/Src/stm32f0xx_hal_cortex.o
 .debug_ranges  0x0000000000000288       0x48 Drivers/STM32F0xx_HAL_Driver/Src/stm32f0xx_hal_gpio.o
 .debug_ranges  0x00000000000002d0       0x70 Drivers/STM32F0xx_HAL_Driver/Src/stm32f0xx_hal_rcc.o
 .debug_ranges  0x0000000000000340      0x3a8 Drivers/STM32F0xx_HAL_Driver/Src/stm32f0xx_hal_tim.o
 .debug_ranges  0x00000000000006e8      0x140 Drivers/STM32F0xx_HAL_Driver/Src/stm32f0xx_hal_tim_ex.o

.debug_macro    0x0000000000000000     0xdaff
 .debug_macro   0x0000000000000000      0x1be Core/Src/gpio.o
 .debug_macro   0x00000000000001be      0xa48 Core/Src/gpio.o
 .debug_macro   0x0000000000000c06      0x12d Core/Src/gpio.o
 .debug_macro   0x0000000000000d33       0x2e Core/Src/gpio.o
 .debug_macro   0x0000000000000d61       0x22 Core/Src/gpio.o
 .debug_macro   0x0000000000000d83       0x22 Core/Src/gpio.o
 .debug_macro   0x0000000000000da5       0x8e Core/Src/gpio.o
 .debug_macro   0x0000000000000e33       0x51 Core/Src/gpio.o
 .debug_macro   0x0000000000000e84       0xef Core/Src/gpio.o
 .debug_macro   0x0000000000000f73       0x6a Core/Src/gpio.o
 .debug_macro   0x0000000000000fdd      0x1df Core/Src/gpio.o
 .debug_macro   0x00000000000011bc       0x1c Core/Src/gpio.o
 .debug_macro   0x00000000000011d8       0x22 Core/Src/gpio.o
 .debug_macro   0x00000000000011fa       0xb5 Core/Src/gpio.o
 .debug_macro   0x00000000000012af      0x391 Core/Src/gpio.o
 .debug_macro   0x0000000000001640     0x8cdd Core/Src/gpio.o
 .debug_macro   0x000000000000a31d       0x3c Core/Src/gpio.o
 .debug_macro   0x000000000000a359      0x174 Core/Src/gpio.o
 .debug_macro   0x000000000000a4cd       0x53 Core/Src/gpio.o
 .debug_macro   0x000000000000a520      0x924 Core/Src/gpio.o
 .debug_macro   0x000000000000ae44      0x251 Core/Src/gpio.o
 .debug_macro   0x000000000000b095      0x12f Core/Src/gpio.o
 .debug_macro   0x000000000000b1c4      0x114 Core/Src/gpio.o
 .debug_macro   0x000000000000b2d8      0x1a0 Core/Src/gpio.o
 .debug_macro   0x000000000000b478      0x1ed Core/Src/gpio.o
 .debug_macro   0x000000000000b665       0x34 Core/Src/gpio.o
 .debug_macro   0x000000000000b699       0x43 Core/Src/gpio.o
 .debug_macro   0x000000000000b6dc       0x28 Core/Src/gpio.o
 .debug_macro   0x000000000000b704       0xb0 Core/Src/gpio.o
 .debug_macro   0x000000000000b7b4      0x199 Core/Src/gpio.o
 .debug_macro   0x000000000000b94d      0x22c Core/Src/gpio.o
 .debug_macro   0x000000000000bb79       0x5f Core/Src/gpio.o
 .debug_macro   0x000000000000bbd8       0xa5 Core/Src/gpio.o
 .debug_macro   0x000000000000bc7d       0x4c Core/Src/gpio.o
 .debug_macro   0x000000000000bcc9      0x112 Core/Src/gpio.o
 .debug_macro   0x000000000000bddb      0x8ae Core/Src/gpio.o
 .debug_macro   0x000000000000c689       0x28 Core/Src/gpio.o
 .debug_macro   0x000000000000c6b1      0x114 Core/Src/gpio.o
 .debug_macro   0x000000000000c7c5       0x40 Core/Src/gpio.o
 .debug_macro   0x000000000000c805      0x1d2 Core/Src/main.o
 .debug_macro   0x000000000000c9d7      0x1b4 Core/Src/stm32f0xx_hal_msp.o
 .debug_macro   0x000000000000cb8b      0x1c4 Core/Src/stm32f0xx_it.o
 .debug_macro   0x000000000000cd4f      0x1a5 Core/Src/system_stm32f0xx.o
 .debug_macro   0x000000000000cef4      0x1be Core/Src/tim.o
 .debug_macro   0x000000000000d0b2      0x1c9 Drivers/STM32F0xx_HAL_Driver/Src/stm32f0xx_hal.o
 .debug_macro   0x000000000000d27b      0x1a5 Drivers/STM32F0xx_HAL_Driver/Src/stm32f0xx_hal_cortex.o
 .debug_macro   0x000000000000d420      0x1dd Drivers/STM32F0xx_HAL_Driver/Src/stm32f0xx_hal_gpio.o
 .debug_macro   0x000000000000d5fd      0x1b7 Drivers/STM32F0xx_HAL_Driver/Src/stm32f0xx_hal_rcc.o
 .debug_macro   0x000000000000d7b4      0x1a6 Drivers/STM32F0xx_HAL_Driver/Src/stm32f0xx_hal_tim.o
 .debug_macro   0x000000000000d95a      0x1a5 Drivers/STM32F0xx_HAL_Driver/Src/stm32f0xx_hal_tim_ex.o

.debug_line     0x0000000000000000     0x70ca
 .debug_line    0x0000000000000000      0x66a Core/Src/gpio.o
 .debug_line    0x000000000000066a      0x6d0 Core/Src/main.o
 .debug_line    0x0000000000000d3a      0x661 Core/Src/stm32f0xx_hal_msp.o
 .debug_line    0x000000000000139b      0x6e3 Core/Src/stm32f0xx_it.o
 .debug_line    0x0000000000001a7e      0x67b Core/Src/system_stm32f0xx.o
 .debug_line    0x00000000000020f9      0x7a2 Core/Src/tim.o
 .debug_line    0x000000000000289b       0x89 Core/Startup/startup_stm32f051k8tx.o
 .debug_line    0x0000000000002924      0x817 Drivers/STM32F0xx_HAL_Driver/Src/stm32f0xx_hal.o
 .debug_line    0x000000000000313b      0x82f Drivers/STM32F0xx_HAL_Driver/Src/stm32f0xx_hal_cortex.o
 .debug_line    0x000000000000396a      0x7dc Drivers/STM32F0xx_HAL_Driver/Src/stm32f0xx_hal_gpio.o
 .debug_line    0x0000000000004146      0x8d8 Drivers/STM32F0xx_HAL_Driver/Src/stm32f0xx_hal_rcc.o
 .debug_line    0x0000000000004a1e     0x1a49 Drivers/STM32F0xx_HAL_Driver/Src/stm32f0xx_hal_tim.o
 .debug_line    0x0000000000006467      0xc63 Drivers/STM32F0xx_HAL_Driver/Src/stm32f0xx_hal_tim_ex.o

.debug_str      0x0000000000000000    0x4fa8a
 .debug_str     0x0000000000000000    0x4d528 Core/Src/gpio.o
                                      0x4d7c0 (size before relaxing)
 .debug_str     0x000000000004d528      0x546 Core/Src/main.o
                                      0x4dae2 (size before relaxing)
 .debug_str     0x000000000004da6e       0x2c Core/Src/stm32f0xx_hal_msp.o
                                      0x4d572 (size before relaxing)
 .debug_str     0x000000000004da9a       0xc4 Core/Src/stm32f0xx_it.o
                                      0x4d9bd (size before relaxing)
 .debug_str     0x000000000004db5e       0x5f Core/Src/system_stm32f0xx.o
                                      0x4d482 (size before relaxing)
 .debug_str     0x000000000004dbbd      0x2ec Core/Src/tim.o
                                      0x4de65 (size before relaxing)
 .debug_str     0x000000000004dea9       0x36 Core/Startup/startup_stm32f051k8tx.o
                                         0x90 (size before relaxing)
 .debug_str     0x000000000004dedf      0x39c Drivers/STM32F0xx_HAL_Driver/Src/stm32f0xx_hal.o
                                      0x4d9c0 (size before relaxing)
 .debug_str     0x000000000004e27b      0x220 Drivers/STM32F0xx_HAL_Driver/Src/stm32f0xx_hal_cortex.o
                                      0x4d874 (size before relaxing)
 .debug_str     0x000000000004e49b      0x213 Drivers/STM32F0xx_HAL_Driver/Src/stm32f0xx_hal_gpio.o
                                      0x4d71e (size before relaxing)
 .debug_str     0x000000000004e6ae      0x254 Drivers/STM32F0xx_HAL_Driver/Src/stm32f0xx_hal_rcc.o
                                      0x4d88c (size before relaxing)
 .debug_str     0x000000000004e902      0xced Drivers/STM32F0xx_HAL_Driver/Src/stm32f0xx_hal_tim.o
                                      0x4e67b (size before relaxing)
 .debug_str     0x000000000004f5ef      0x49b Drivers/STM32F0xx_HAL_Driver/Src/stm32f0xx_hal_tim_ex.o
                                      0x4de2f (size before relaxing)

.comment        0x0000000000000000       0x7b
 .comment       0x0000000000000000       0x7b Core/Src/gpio.o
                                         0x7c (size before relaxing)
 .comment       0x000000000000007b       0x7c Core/Src/main.o
 .comment       0x000000000000007b       0x7c Core/Src/stm32f0xx_hal_msp.o
 .comment       0x000000000000007b       0x7c Core/Src/stm32f0xx_it.o
 .comment       0x000000000000007b       0x7c Core/Src/system_stm32f0xx.o
 .comment       0x000000000000007b       0x7c Core/Src/tim.o
 .comment       0x000000000000007b       0x7c Drivers/STM32F0xx_HAL_Driver/Src/stm32f0xx_hal.o
 .comment       0x000000000000007b       0x7c Drivers/STM32F0xx_HAL_Driver/Src/stm32f0xx_hal_cortex.o
 .comment       0x000000000000007b       0x7c Drivers/STM32F0xx_HAL_Driver/Src/stm32f0xx_hal_gpio.o
 .comment       0x000000000000007b       0x7c Drivers/STM32F0xx_HAL_Driver/Src/stm32f0xx_hal_rcc.o
 .comment       0x000000000000007b       0x7c Drivers/STM32F0xx_HAL_Driver/Src/stm32f0xx_hal_tim.o
 .comment       0x000000000000007b       0x7c Drivers/STM32F0xx_HAL_Driver/Src/stm32f0xx_hal_tim_ex.o

.debug_frame    0x0000000000000000     0x1f34
 .debug_frame   0x0000000000000000       0x30 Core/Src/gpio.o
 .debug_frame   0x0000000000000030       0x6c Core/Src/main.o
 .debug_frame   0x000000000000009c       0x30 Core/Src/stm32f0xx_hal_msp.o
 .debug_frame   0x00000000000000cc       0xd8 Core/Src/stm32f0xx_it.o
 .debug_frame   0x00000000000001a4       0x4c Core/Src/system_stm32f0xx.o
 .debug_frame   0x00000000000001f0      0x16c Core/Src/tim.o
 .debug_frame   0x000000000000035c      0x2a4 Drivers/STM32F0xx_HAL_Driver/Src/stm32f0xx_hal.o
 .debug_frame   0x0000000000000600      0x2a0 Drivers/STM32F0xx_HAL_Driver/Src/stm32f0xx_hal_cortex.o
 .debug_frame   0x00000000000008a0      0x110 Drivers/STM32F0xx_HAL_Driver/Src/stm32f0xx_hal_gpio.o
 .debug_frame   0x00000000000009b0      0x198 Drivers/STM32F0xx_HAL_Driver/Src/stm32f0xx_hal_rcc.o
 .debug_frame   0x0000000000000b48      0xe90 Drivers/STM32F0xx_HAL_Driver/Src/stm32f0xx_hal_tim.o
 .debug_frame   0x00000000000019d8      0x4f0 Drivers/STM32F0xx_HAL_Driver/Src/stm32f0xx_hal_tim_ex.o
 .debug_frame   0x0000000000001ec8       0x2c /home/chris/st/stm32cubeide_1.2.0/plugins/com.st.stm32cube.ide.mcu.externaltools.gnu-tools-for-stm32.7-2018-q2-update.linux64_1.0.0.201904181610/tools/bin/../lib/gcc/arm-none-eabi/7.3.1/../../../../arm-none-eabi/lib/thumb/v6-m/libc_nano.a(lib_a-init.o)
 .debug_frame   0x0000000000001ef4       0x20 /home/chris/st/stm32cubeide_1.2.0/plugins/com.st.stm32cube.ide.mcu.externaltools.gnu-tools-for-stm32.7-2018-q2-update.linux64_1.0.0.201904181610/tools/bin/../lib/gcc/arm-none-eabi/7.3.1/../../../../arm-none-eabi/lib/thumb/v6-m/libc_nano.a(lib_a-memset.o)
 .debug_frame   0x0000000000001f14       0x20 /home/chris/st/stm32cubeide_1.2.0/plugins/com.st.stm32cube.ide.mcu.externaltools.gnu-tools-for-stm32.7-2018-q2-update.linux64_1.0.0.201904181610/tools/bin/../lib/gcc/arm-none-eabi/7.3.1/thumb/v6-m/libgcc.a(_udivsi3.o)
