Archive member included to satisfy reference by file (symbol)

/home/chris/opt/STM32CubeIDE/st/stm32cubeide_1.2.0/plugins/com.st.stm32cube.ide.mcu.externaltools.gnu-tools-for-stm32.7-2018-q2-update.linux64_1.0.0.201904181610/tools/bin/../lib/gcc/arm-none-eabi/7.3.1/../../../../arm-none-eabi/lib/thumb/v6-m/libc_nano.a(lib_a-errno.o)
                              Core/Src/syscalls.o (__errno)
/home/chris/opt/STM32CubeIDE/st/stm32cubeide_1.2.0/plugins/com.st.stm32cube.ide.mcu.externaltools.gnu-tools-for-stm32.7-2018-q2-update.linux64_1.0.0.201904181610/tools/bin/../lib/gcc/arm-none-eabi/7.3.1/../../../../arm-none-eabi/lib/thumb/v6-m/libc_nano.a(lib_a-exit.o)
                              /home/chris/opt/STM32CubeIDE/st/stm32cubeide_1.2.0/plugins/com.st.stm32cube.ide.mcu.externaltools.gnu-tools-for-stm32.7-2018-q2-update.linux64_1.0.0.201904181610/tools/bin/../lib/gcc/arm-none-eabi/7.3.1/../../../../arm-none-eabi/lib/thumb/v6-m/crt0.o (exit)
/home/chris/opt/STM32CubeIDE/st/stm32cubeide_1.2.0/plugins/com.st.stm32cube.ide.mcu.externaltools.gnu-tools-for-stm32.7-2018-q2-update.linux64_1.0.0.201904181610/tools/bin/../lib/gcc/arm-none-eabi/7.3.1/../../../../arm-none-eabi/lib/thumb/v6-m/libc_nano.a(lib_a-impure.o)
                              /home/chris/opt/STM32CubeIDE/st/stm32cubeide_1.2.0/plugins/com.st.stm32cube.ide.mcu.externaltools.gnu-tools-for-stm32.7-2018-q2-update.linux64_1.0.0.201904181610/tools/bin/../lib/gcc/arm-none-eabi/7.3.1/../../../../arm-none-eabi/lib/thumb/v6-m/libc_nano.a(lib_a-exit.o) (_global_impure_ptr)
/home/chris/opt/STM32CubeIDE/st/stm32cubeide_1.2.0/plugins/com.st.stm32cube.ide.mcu.externaltools.gnu-tools-for-stm32.7-2018-q2-update.linux64_1.0.0.201904181610/tools/bin/../lib/gcc/arm-none-eabi/7.3.1/../../../../arm-none-eabi/lib/thumb/v6-m/libc_nano.a(lib_a-init.o)
                              /home/chris/opt/STM32CubeIDE/st/stm32cubeide_1.2.0/plugins/com.st.stm32cube.ide.mcu.externaltools.gnu-tools-for-stm32.7-2018-q2-update.linux64_1.0.0.201904181610/tools/bin/../lib/gcc/arm-none-eabi/7.3.1/../../../../arm-none-eabi/lib/thumb/v6-m/crt0.o (__libc_init_array)
/home/chris/opt/STM32CubeIDE/st/stm32cubeide_1.2.0/plugins/com.st.stm32cube.ide.mcu.externaltools.gnu-tools-for-stm32.7-2018-q2-update.linux64_1.0.0.201904181610/tools/bin/../lib/gcc/arm-none-eabi/7.3.1/../../../../arm-none-eabi/lib/thumb/v6-m/libc_nano.a(lib_a-memset.o)
                              /home/chris/opt/STM32CubeIDE/st/stm32cubeide_1.2.0/plugins/com.st.stm32cube.ide.mcu.externaltools.gnu-tools-for-stm32.7-2018-q2-update.linux64_1.0.0.201904181610/tools/bin/../lib/gcc/arm-none-eabi/7.3.1/../../../../arm-none-eabi/lib/thumb/v6-m/crt0.o (memset)
/home/chris/opt/STM32CubeIDE/st/stm32cubeide_1.2.0/plugins/com.st.stm32cube.ide.mcu.externaltools.gnu-tools-for-stm32.7-2018-q2-update.linux64_1.0.0.201904181610/tools/bin/../lib/gcc/arm-none-eabi/7.3.1/../../../../arm-none-eabi/lib/thumb/v6-m/libc_nano.a(lib_a-snprintf.o)
                              Core/Src/UvboxManager/UvboxManager.o (snprintf)
/home/chris/opt/STM32CubeIDE/st/stm32cubeide_1.2.0/plugins/com.st.stm32cube.ide.mcu.externaltools.gnu-tools-for-stm32.7-2018-q2-update.linux64_1.0.0.201904181610/tools/bin/../lib/gcc/arm-none-eabi/7.3.1/../../../../arm-none-eabi/lib/thumb/v6-m/libc_nano.a(lib_a-nano-svfprintf.o)
                              /home/chris/opt/STM32CubeIDE/st/stm32cubeide_1.2.0/plugins/com.st.stm32cube.ide.mcu.externaltools.gnu-tools-for-stm32.7-2018-q2-update.linux64_1.0.0.201904181610/tools/bin/../lib/gcc/arm-none-eabi/7.3.1/../../../../arm-none-eabi/lib/thumb/v6-m/libc_nano.a(lib_a-snprintf.o) (_svfprintf_r)
/home/chris/opt/STM32CubeIDE/st/stm32cubeide_1.2.0/plugins/com.st.stm32cube.ide.mcu.externaltools.gnu-tools-for-stm32.7-2018-q2-update.linux64_1.0.0.201904181610/tools/bin/../lib/gcc/arm-none-eabi/7.3.1/../../../../arm-none-eabi/lib/thumb/v6-m/libc_nano.a(lib_a-nano-vfprintf_i.o)
                              /home/chris/opt/STM32CubeIDE/st/stm32cubeide_1.2.0/plugins/com.st.stm32cube.ide.mcu.externaltools.gnu-tools-for-stm32.7-2018-q2-update.linux64_1.0.0.201904181610/tools/bin/../lib/gcc/arm-none-eabi/7.3.1/../../../../arm-none-eabi/lib/thumb/v6-m/libc_nano.a(lib_a-nano-svfprintf.o) (_printf_i)
/home/chris/opt/STM32CubeIDE/st/stm32cubeide_1.2.0/plugins/com.st.stm32cube.ide.mcu.externaltools.gnu-tools-for-stm32.7-2018-q2-update.linux64_1.0.0.201904181610/tools/bin/../lib/gcc/arm-none-eabi/7.3.1/../../../../arm-none-eabi/lib/thumb/v6-m/libc_nano.a(lib_a-memchr-stub.o)
                              /home/chris/opt/STM32CubeIDE/st/stm32cubeide_1.2.0/plugins/com.st.stm32cube.ide.mcu.externaltools.gnu-tools-for-stm32.7-2018-q2-update.linux64_1.0.0.201904181610/tools/bin/../lib/gcc/arm-none-eabi/7.3.1/../../../../arm-none-eabi/lib/thumb/v6-m/libc_nano.a(lib_a-nano-svfprintf.o) (memchr)
[...]
Memory Configuration

Name             Origin             Length             Attributes
RAM              0x0000000020000000 0x0000000000002000 xrw
FLASH            0x0000000008000000 0x0000000000010000 xr
*default*        0x0000000000000000 0xffffffffffffffff

Linker script and memory map

LOAD /home/chris/opt/STM32CubeIDE/st/stm32cubeide_1.2.0/plugins/com.st.stm32cube.ide.mcu.externaltools.gnu-tools-for-stm32.7-2018-q2-update.linux64_1.0.0.201904181610/tools/bin/../lib/gcc/arm-none-eabi/7.3.1/thumb/v6-m/crti.o
LOAD /home/chris/opt/STM32CubeIDE/st/stm32cubeide_1.2.0/plugins/com.st.stm32cube.ide.mcu.externaltools.gnu-tools-for-stm32.7-2018-q2-update.linux64_1.0.0.201904181610/tools/bin/../lib/gcc/arm-none-eabi/7.3.1/thumb/v6-m/crtbegin.o
LOAD /home/chris/opt/STM32CubeIDE/st/stm32cubeide_1.2.0/plugins/com.st.stm32cube.ide.mcu.externaltools.gnu-tools-for-stm32.7-2018-q2-update.linux64_1.0.0.201904181610/tools/bin/../lib/gcc/arm-none-eabi/7.3.1/../../../../arm-none-eabi/lib/thumb/v6-m/crt0.o
LOAD Core/Src/UvboxManager/EventManager.o
LOAD Core/Src/UvboxManager/LedManager.o
LOAD Core/Src/UvboxManager/RotaryEncoder.o
LOAD Core/Src/UvboxManager/TimeoutManager.o
LOAD Core/Src/UvboxManager/UvboxManager.o
LOAD Core/Src/gpio.o
LOAD Core/Src/main.o
LOAD Core/Src/spi.o
LOAD Core/Src/stm32f0xx_hal_msp.o
LOAD Core/Src/stm32f0xx_it.o
LOAD Core/Src/syscalls.o
LOAD Core/Src/sysmem.o
LOAD Core/Src/system_stm32f0xx.o
LOAD Core/Src/tim.o
LOAD Core/Startup/startup_stm32f051k8tx.o
LOAD Drivers/STM32F0xx_HAL_Driver/Src/stm32f0xx_hal.o
LOAD Drivers/STM32F0xx_HAL_Driver/Src/stm32f0xx_hal_cortex.o
LOAD Drivers/STM32F0xx_HAL_Driver/Src/stm32f0xx_hal_dma.o
LOAD Drivers/STM32F0xx_HAL_Driver/Src/stm32f0xx_hal_exti.o
LOAD Drivers/STM32F0xx_HAL_Driver/Src/stm32f0xx_hal_flash.o
LOAD Drivers/STM32F0xx_HAL_Driver/Src/stm32f0xx_hal_flash_ex.o
LOAD Drivers/STM32F0xx_HAL_Driver/Src/stm32f0xx_hal_gpio.o
LOAD Drivers/STM32F0xx_HAL_Driver/Src/stm32f0xx_hal_i2c.o
LOAD Drivers/STM32F0xx_HAL_Driver/Src/stm32f0xx_hal_i2c_ex.o
LOAD Drivers/STM32F0xx_HAL_Driver/Src/stm32f0xx_hal_pwr.o
LOAD Drivers/STM32F0xx_HAL_Driver/Src/stm32f0xx_hal_pwr_ex.o
LOAD Drivers/STM32F0xx_HAL_Driver/Src/stm32f0xx_hal_rcc.o
LOAD Drivers/STM32F0xx_HAL_Driver/Src/stm32f0xx_hal_rcc_ex.o
LOAD Drivers/STM32F0xx_HAL_Driver/Src/stm32f0xx_hal_spi.o
LOAD Drivers/STM32F0xx_HAL_Driver/Src/stm32f0xx_hal_spi_ex.o
LOAD Drivers/STM32F0xx_HAL_Driver/Src/stm32f0xx_hal_tim.o
LOAD Drivers/STM32F0xx_HAL_Driver/Src/stm32f0xx_hal_tim_ex.o
LOAD Optimized_STM32_ILI9341/ILI9341_GFX.o
LOAD Optimized_STM32_ILI9341/ILI9341_STM32_Driver.o
LOAD Optimized_STM32_ILI9341/STMBasicGui.o
LOAD Optimized_STM32_ILI9341/fade_log_seq.o
START GROUP
LOAD /home/chris/opt/STM32CubeIDE/st/stm32cubeide_1.2.0/plugins/com.st.stm32cube.ide.mcu.externaltools.gnu-tools-for-stm32.7-2018-q2-update.linux64_1.0.0.201904181610/tools/bin/../lib/gcc/arm-none-eabi/7.3.1/../../../../arm-none-eabi/lib/thumb/v6-m/libc_nano.a
LOAD /home/chris/opt/STM32CubeIDE/st/stm32cubeide_1.2.0/plugins/com.st.stm32cube.ide.mcu.externaltools.gnu-tools-for-stm32.7-2018-q2-update.linux64_1.0.0.201904181610/tools/bin/../lib/gcc/arm-none-eabi/7.3.1/../../../../arm-none-eabi/lib/thumb/v6-m/libm.a
END GROUP
START GROUP
LOAD /home/chris/opt/STM32CubeIDE/st/stm32cubeide_1.2.0/plugins/com.st.stm32cube.ide.mcu.externaltools.gnu-tools-for-stm32.7-2018-q2-update.linux64_1.0.0.201904181610/tools/bin/../lib/gcc/arm-none-eabi/7.3.1/thumb/v6-m/libgcc.a
LOAD /home/chris/opt/STM32CubeIDE/st/stm32cubeide_1.2.0/plugins/com.st.stm32cube.ide.mcu.externaltools.gnu-tools-for-stm32.7-2018-q2-update.linux64_1.0.0.201904181610/tools/bin/../lib/gcc/arm-none-eabi/7.3.1/../../../../arm-none-eabi/lib/thumb/v6-m/libc_nano.a
END GROUP
START GROUP
LOAD /home/chris/opt/STM32CubeIDE/st/stm32cubeide_1.2.0/plugins/com.st.stm32cube.ide.mcu.externaltools.gnu-tools-for-stm32.7-2018-q2-update.linux64_1.0.0.201904181610/tools/bin/../lib/gcc/arm-none-eabi/7.3.1/thumb/v6-m/libgcc.a
LOAD /home/chris/opt/STM32CubeIDE/st/stm32cubeide_1.2.0/plugins/com.st.stm32cube.ide.mcu.externaltools.gnu-tools-for-stm32.7-2018-q2-update.linux64_1.0.0.201904181610/tools/bin/../lib/gcc/arm-none-eabi/7.3.1/../../../../arm-none-eabi/lib/thumb/v6-m/libc_nano.a
LOAD /home/chris/opt/STM32CubeIDE/st/stm32cubeide_1.2.0/plugins/com.st.stm32cube.ide.mcu.externaltools.gnu-tools-for-stm32.7-2018-q2-update.linux64_1.0.0.201904181610/tools/bin/../lib/gcc/arm-none-eabi/7.3.1/../../../../arm-none-eabi/lib/thumb/v6-m/libnosys.a
END GROUP
START GROUP
LOAD /home/chris/opt/STM32CubeIDE/st/stm32cubeide_1.2.0/plugins/com.st.stm32cube.ide.mcu.externaltools.gnu-tools-for-stm32.7-2018-q2-update.linux64_1.0.0.201904181610/tools/bin/../lib/gcc/arm-none-eabi/7.3.1/thumb/v6-m/libgcc.a
LOAD /home/chris/opt/STM32CubeIDE/st/stm32cubeide_1.2.0/plugins/com.st.stm32cube.ide.mcu.externaltools.gnu-tools-for-stm32.7-2018-q2-update.linux64_1.0.0.201904181610/tools/bin/../lib/gcc/arm-none-eabi/7.3.1/../../../../arm-none-eabi/lib/thumb/v6-m/libc_nano.a
LOAD /home/chris/opt/STM32CubeIDE/st/stm32cubeide_1.2.0/plugins/com.st.stm32cube.ide.mcu.externaltools.gnu-tools-for-stm32.7-2018-q2-update.linux64_1.0.0.201904181610/tools/bin/../lib/gcc/arm-none-eabi/7.3.1/../../../../arm-none-eabi/lib/thumb/v6-m/libnosys.a
END GROUP
LOAD /home/chris/opt/STM32CubeIDE/st/stm32cubeide_1.2.0/plugins/com.st.stm32cube.ide.mcu.externaltools.gnu-tools-for-stm32.7-2018-q2-update.linux64_1.0.0.201904181610/tools/bin/../lib/gcc/arm-none-eabi/7.3.1/thumb/v6-m/crtend.o
LOAD /home/chris/opt/STM32CubeIDE/st/stm32cubeide_1.2.0/plugins/com.st.stm32cube.ide.mcu.externaltools.gnu-tools-for-stm32.7-2018-q2-update.linux64_1.0.0.201904181610/tools/bin/../lib/gcc/arm-none-eabi/7.3.1/thumb/v6-m/crtn.o
                0x0000000020002000                _estack = (ORIGIN (RAM) + LENGTH (RAM))
                0x0000000000000200                _Min_Heap_Size = 0x200
                0x0000000000000400                _Min_Stack_Size = 0x400

.isr_vector     0x0000000008000000       0xc0
                0x0000000008000000                . = ALIGN (0x4)
 *(.isr_vector)
 .isr_vector    0x0000000008000000       0xc0 Core/Startup/startup_stm32f051k8tx.o
                0x0000000008000000                g_pfnVectors
                0x00000000080000c0                . = ALIGN (0x4)

.text           0x00000000080000c0     0x4dbc
                0x00000000080000c0                . = ALIGN (0x4)
 *(.text)
 .text          0x00000000080000c0       0x48 /home/chris/opt/STM32CubeIDE/st/stm32cubeide_1.2.0/plugins/com.st.stm32cube.ide.mcu.externaltools.gnu-tools-for-stm32.7-2018-q2-update.linux64_1.0.0.201904181610/tools/bin/../lib/gcc/arm-none-eabi/7.3.1/thumb/v6-m/crtbegin.o
 .text          0x0000000008000108      0x114 /home/chris/opt/STM32CubeIDE/st/stm32cubeide_1.2.0/plugins/com.st.stm32cube.ide.mcu.externaltools.gnu-tools-for-stm32.7-2018-q2-update.linux64_1.0.0.201904181610/tools/bin/../lib/gcc/arm-none-eabi/7.3.1/thumb/v6-m/libgcc.a(_udivsi3.o)
                0x0000000008000108                __udivsi3
                0x0000000008000108                __aeabi_uidiv
                0x0000000008000214                __aeabi_uidivmod
 .text          0x000000000800021c        0x4 /home/chris/opt/STM32CubeIDE/st/stm32cubeide_1.2.0/plugins/com.st.stm32cube.ide.mcu.externaltools.gnu-tools-for-stm32.7-2018-q2-update.linux64_1.0.0.201904181610/tools/bin/../lib/gcc/arm-none-eabi/7.3.1/thumb/v6-m/libgcc.a(_dvmd_tls.o)
                0x000000000800021c                __aeabi_ldiv0
                0x000000000800021c                __aeabi_idiv0
 *(.text*)
 .text.EM_getSystemState
                0x0000000008000220       0x14 Core/Src/UvboxManager/EventManager.o
                0x0000000008000220                EM_getSystemState
 .text.EM_ProcessEvent
                0x0000000008000234       0x5c Core/Src/UvboxManager/EventManager.o
                0x0000000008000234                EM_ProcessEvent
 .text.LM_EnableUVMode
                0x0000000008000290       0x48 Core/Src/UvboxManager/LedManager.o
                0x0000000008000290                LM_EnableUVMode
 .text.LM_DisableUVMode
                0x00000000080002d8       0x4c Core/Src/UvboxManager/LedManager.o
                0x00000000080002d8                LM_DisableUVMode
 .text._UpdateUvPwm
                0x0000000008000324      0x168 Core/Src/UvboxManager/LedManager.o
                0x0000000008000324                _UpdateUvPwm
 .text._UpdateLedPwm
                0x000000000800048c       0x60 Core/Src/UvboxManager/LedManager.o
                0x000000000800048c                _UpdateLedPwm
 .text.LM_UpdatePwm
                0x00000000080004ec       0x40 Core/Src/UvboxManager/LedManager.o
                0x00000000080004ec                LM_UpdatePwm
 .text.LM_SetStatusLed
                0x000000000800052c       0x14 Core/Src/UvboxManager/LedManager.o
                0x000000000800052c                LM_SetStatusLed
 .text.RE_Setup
                0x0000000008000540       0x2c Core/Src/UvboxManager/RotaryEncoder.o
                0x0000000008000540                RE_Setup
 .text.RE_getPrevEncoderDir
                0x000000000800056c       0x14 Core/Src/UvboxManager/RotaryEncoder.o
                0x000000000800056c                RE_getPrevEncoderDir
 .text.RE_setPrevEncoderDir
                0x0000000008000580       0x20 Core/Src/UvboxManager/RotaryEncoder.o
                0x0000000008000580                RE_setPrevEncoderDir
 .text.TM_ResetTimer
                0x00000000080005a0       0x14 Core/Src/UvboxManager/TimeoutManager.o
                0x00000000080005a0                TM_ResetTimer
 .text.TM_UserIncrementTimer
                0x00000000080005b4       0x2c Core/Src/UvboxManager/TimeoutManager.o
                0x00000000080005b4                TM_UserIncrementTimer
 .text.TM_UserDecrementTimer
                0x00000000080005e0       0x2c Core/Src/UvboxManager/TimeoutManager.o
                0x00000000080005e0                TM_UserDecrementTimer
 .text.TM_DecrementTimer
                0x000000000800060c       0x20 Core/Src/UvboxManager/TimeoutManager.o
                0x000000000800060c                TM_DecrementTimer
 .text.TM_GetTimerCount
                0x000000000800062c       0x14 Core/Src/UvboxManager/TimeoutManager.o
                0x000000000800062c                TM_GetTimerCount
 .text.TM_CheckTimer
                0x0000000008000640       0x1c Core/Src/UvboxManager/TimeoutManager.o
                0x0000000008000640                TM_CheckTimer
 .text.TM_StartTimer
                0x000000000800065c       0x2c Core/Src/UvboxManager/TimeoutManager.o
                0x000000000800065c                TM_StartTimer
 .text.TM_StopTimer
                0x0000000008000688       0x1c Core/Src/UvboxManager/TimeoutManager.o
                0x0000000008000688                TM_StopTimer
 .text.UM_DisplayRunningMsg
                0x00000000080006a4       0x30 Core/Src/UvboxManager/UvboxManager.o
                0x00000000080006a4                UM_DisplayRunningMsg
 .text.UM_DisplayExpiredMsg
                0x00000000080006d4       0x50 Core/Src/UvboxManager/UvboxManager.o
                0x00000000080006d4                UM_DisplayExpiredMsg
 .text.UM_UpdateDisplay
                0x0000000008000724       0x16 Core/Src/UvboxManager/UvboxManager.o
                0x0000000008000724                UM_UpdateDisplay
 *fill*         0x000000000800073a        0x2 
 .text.UM_DisplayAsMinutesAndSeconds
                0x000000000800073c       0x84 Core/Src/UvboxManager/UvboxManager.o
                0x000000000800073c                UM_DisplayAsMinutesAndSeconds
 .text.UM_Setup
                0x00000000080007c0      0x108 Core/Src/UvboxManager/UvboxManager.o
                0x00000000080007c0                UM_Setup
 .text.UM_EXTI0_1_IRQHandler
                0x00000000080008c8       0x64 Core/Src/UvboxManager/UvboxManager.o
                0x00000000080008c8                UM_EXTI0_1_IRQHandler
 .text.UM_EXTI2_3_IRQHandler
                0x000000000800092c       0x4c Core/Src/UvboxManager/UvboxManager.o
                0x000000000800092c                UM_EXTI2_3_IRQHandler
 .text.UM_SetLastDebounceTime
                0x0000000008000978       0x20 Core/Src/UvboxManager/UvboxManager.o
                0x0000000008000978                UM_SetLastDebounceTime
 .text.UM_getLastDebounceTime
                0x0000000008000998       0x14 Core/Src/UvboxManager/UvboxManager.o
                0x0000000008000998                UM_getLastDebounceTime
 .text.MX_GPIO_Init
                0x00000000080009ac      0x148 Core/Src/gpio.o
                0x00000000080009ac                MX_GPIO_Init
 .text.main     0x0000000008000af4       0x74 Core/Src/main.o
                0x0000000008000af4                main
 .text.SystemClock_Config
                0x0000000008000b68       0x94 Core/Src/main.o
                0x0000000008000b68                SystemClock_Config
 .text.Error_Handler
                0x0000000008000bfc        0xa Core/Src/main.o
                0x0000000008000bfc                Error_Handler
 *fill*         0x0000000008000c06        0x2 
 .text.MX_SPI1_Init
                0x0000000008000c08       0x7c Core/Src/spi.o
                0x0000000008000c08                MX_SPI1_Init
 .text.HAL_SPI_MspInit
                0x0000000008000c84       0x98 Core/Src/spi.o
                0x0000000008000c84                HAL_SPI_MspInit
 .text.HAL_MspInit
                0x0000000008000d1c       0x48 Core/Src/stm32f0xx_hal_msp.o
                0x0000000008000d1c                HAL_MspInit
 .text.NMI_Handler
                0x0000000008000d64        0xa Core/Src/stm32f0xx_it.o
                0x0000000008000d64                NMI_Handler
 .text.HardFault_Handler
                0x0000000008000d6e        0x6 Core/Src/stm32f0xx_it.o
                0x0000000008000d6e                HardFault_Handler
 .text.SVC_Handler
                0x0000000008000d74        0xa Core/Src/stm32f0xx_it.o
                0x0000000008000d74                SVC_Handler
 .text.PendSV_Handler
                0x0000000008000d7e        0xa Core/Src/stm32f0xx_it.o
                0x0000000008000d7e                PendSV_Handler
 .text.SysTick_Handler
                0x0000000008000d88        0xe Core/Src/stm32f0xx_it.o
                0x0000000008000d88                SysTick_Handler
 .text.EXTI0_1_IRQHandler
                0x0000000008000d96       0x1a Core/Src/stm32f0xx_it.o
                0x0000000008000d96                EXTI0_1_IRQHandler
 .text.EXTI2_3_IRQHandler
                0x0000000008000db0       0x14 Core/Src/stm32f0xx_it.o
                0x0000000008000db0                EXTI2_3_IRQHandler
 .text.TIM2_IRQHandler
                0x0000000008000dc4       0x18 Core/Src/stm32f0xx_it.o
                0x0000000008000dc4                TIM2_IRQHandler
 .text.TIM6_DAC_IRQHandler
                0x0000000008000ddc       0x1c Core/Src/stm32f0xx_it.o
                0x0000000008000ddc                TIM6_DAC_IRQHandler
 .text._sbrk    0x0000000008000df8       0x58 Core/Src/sysmem.o
                0x0000000008000df8                _sbrk
 .text.SystemInit
                0x0000000008000e50        0xa Core/Src/system_stm32f0xx.o
                0x0000000008000e50                SystemInit
 *fill*         0x0000000008000e5a        0x2 
 .text.MX_TIM1_Init
                0x0000000008000e5c      0x16c Core/Src/tim.o
                0x0000000008000e5c                MX_TIM1_Init
 .text.MX_TIM2_Init
                0x0000000008000fc8       0xc4 Core/Src/tim.o
                0x0000000008000fc8                MX_TIM2_Init
 .text.MX_TIM3_Init
                0x000000000800108c       0xc0 Core/Src/tim.o
                0x000000000800108c                MX_TIM3_Init
 .text.MX_TIM6_Init
                0x000000000800114c       0x78 Core/Src/tim.o
                0x000000000800114c                MX_TIM6_Init
 .text.MX_TIM14_Init
                0x00000000080011c4       0x9c Core/Src/tim.o
                0x00000000080011c4                MX_TIM14_Init
 .text.MX_TIM16_Init
                0x0000000008001260       0x4c Core/Src/tim.o
                0x0000000008001260                MX_TIM16_Init
 .text.MX_TIM17_Init
                0x00000000080012ac       0x50 Core/Src/tim.o
                0x00000000080012ac                MX_TIM17_Init
 .text.HAL_TIM_PWM_MspInit
                0x00000000080012fc       0x68 Core/Src/tim.o
                0x00000000080012fc                HAL_TIM_PWM_MspInit
 .text.HAL_TIM_Encoder_MspInit
                0x0000000008001364       0xf4 Core/Src/tim.o
                0x0000000008001364                HAL_TIM_Encoder_MspInit
 .text.HAL_TIM_Base_MspInit
                0x0000000008001458       0xd0 Core/Src/tim.o
                0x0000000008001458                HAL_TIM_Base_MspInit
 .text.HAL_TIM_MspPostInit
                0x0000000008001528      0x134 Core/Src/tim.o
                0x0000000008001528                HAL_TIM_MspPostInit
 .text.Reset_Handler
                0x000000000800165c       0x50 Core/Startup/startup_stm32f051k8tx.o
                0x000000000800165c                Reset_Handler
 .text.Default_Handler
                0x00000000080016ac        0x2 Core/Startup/startup_stm32f051k8tx.o
                0x00000000080016ac                TIM1_CC_IRQHandler
                0x00000000080016ac                TSC_IRQHandler
                0x00000000080016ac                ADC1_COMP_IRQHandler
                0x00000000080016ac                PVD_IRQHandler
                0x00000000080016ac                I2C1_IRQHandler
                0x00000000080016ac                RCC_CRS_IRQHandler
                0x00000000080016ac                SPI1_IRQHandler
                0x00000000080016ac                I2C2_IRQHandler
                0x00000000080016ac                TIM17_IRQHandler
                0x00000000080016ac                CEC_CAN_IRQHandler
                0x00000000080016ac                RTC_IRQHandler
                0x00000000080016ac                TIM16_IRQHandler
                0x00000000080016ac                TIM3_IRQHandler
                0x00000000080016ac                EXTI4_15_IRQHandler
                0x00000000080016ac                DMA1_Channel1_IRQHandler
                0x00000000080016ac                Default_Handler
                0x00000000080016ac                TIM14_IRQHandler
                0x00000000080016ac                DMA1_Channel4_5_IRQHandler
                0x00000000080016ac                TIM15_IRQHandler
                0x00000000080016ac                SPI2_IRQHandler
                0x00000000080016ac                WWDG_IRQHandler
                0x00000000080016ac                DMA1_Channel2_3_IRQHandler
                0x00000000080016ac                USART2_IRQHandler
                0x00000000080016ac                FLASH_IRQHandler
                0x00000000080016ac                USART1_IRQHandler
                0x00000000080016ac                TIM1_BRK_UP_TRG_COM_IRQHandler
 *fill*         0x00000000080016ae        0x2 
 .text.HAL_Init
                0x00000000080016b0       0x28 Drivers/STM32F0xx_HAL_Driver/Src/stm32f0xx_hal.o
                0x00000000080016b0                HAL_Init
 .text.HAL_InitTick
                0x00000000080016d8       0x68 Drivers/STM32F0xx_HAL_Driver/Src/stm32f0xx_hal.o
                0x00000000080016d8                HAL_InitTick
 .text.HAL_IncTick
                0x0000000008001740       0x24 Drivers/STM32F0xx_HAL_Driver/Src/stm32f0xx_hal.o
                0x0000000008001740                HAL_IncTick
 .text.HAL_GetTick
                0x0000000008001764       0x14 Drivers/STM32F0xx_HAL_Driver/Src/stm32f0xx_hal.o
                0x0000000008001764                HAL_GetTick
 .text.HAL_Delay
                0x0000000008001778       0x44 Drivers/STM32F0xx_HAL_Driver/Src/stm32f0xx_hal.o
                0x0000000008001778                HAL_Delay
 .text.__NVIC_EnableIRQ
                0x00000000080017bc       0x34 Drivers/STM32F0xx_HAL_Driver/Src/stm32f0xx_hal_cortex.o
 .text.__NVIC_SetPriority
                0x00000000080017f0       0xdc Drivers/STM32F0xx_HAL_Driver/Src/stm32f0xx_hal_cortex.o
 .text.SysTick_Config
                0x00000000080018cc       0x48 Drivers/STM32F0xx_HAL_Driver/Src/stm32f0xx_hal_cortex.o
 .text.HAL_NVIC_SetPriority
                0x0000000008001914       0x2a Drivers/STM32F0xx_HAL_Driver/Src/stm32f0xx_hal_cortex.o
                0x0000000008001914                HAL_NVIC_SetPriority
 .text.HAL_NVIC_EnableIRQ
                0x000000000800193e       0x20 Drivers/STM32F0xx_HAL_Driver/Src/stm32f0xx_hal_cortex.o
                0x000000000800193e                HAL_NVIC_EnableIRQ
 .text.HAL_SYSTICK_Config
                0x000000000800195e       0x1a Drivers/STM32F0xx_HAL_Driver/Src/stm32f0xx_hal_cortex.o
                0x000000000800195e                HAL_SYSTICK_Config
 .text.HAL_GPIO_Init
                0x0000000008001978      0x2e0 Drivers/STM32F0xx_HAL_Driver/Src/stm32f0xx_hal_gpio.o
                0x0000000008001978                HAL_GPIO_Init
 .text.HAL_GPIO_WritePin
                0x0000000008001c58       0x3a Drivers/STM32F0xx_HAL_Driver/Src/stm32f0xx_hal_gpio.o
                0x0000000008001c58                HAL_GPIO_WritePin
 *fill*         0x0000000008001c92        0x2 
 .text.HAL_GPIO_EXTI_IRQHandler
                0x0000000008001c94       0x38 Drivers/STM32F0xx_HAL_Driver/Src/stm32f0xx_hal_gpio.o
                0x0000000008001c94                HAL_GPIO_EXTI_IRQHandler
 .text.HAL_GPIO_EXTI_Callback
                0x0000000008001ccc       0x14 Drivers/STM32F0xx_HAL_Driver/Src/stm32f0xx_hal_gpio.o
                0x0000000008001ccc                HAL_GPIO_EXTI_Callback
 .text.HAL_RCC_OscConfig
                0x0000000008001ce0      0x638 Drivers/STM32F0xx_HAL_Driver/Src/stm32f0xx_hal_rcc.o
                0x0000000008001ce0                HAL_RCC_OscConfig
 .text.HAL_RCC_ClockConfig
                0x0000000008002318      0x19c Drivers/STM32F0xx_HAL_Driver/Src/stm32f0xx_hal_rcc.o
                0x0000000008002318                HAL_RCC_ClockConfig
 .text.HAL_RCC_GetSysClockFreq
                0x00000000080024b4       0xc8 Drivers/STM32F0xx_HAL_Driver/Src/stm32f0xx_hal_rcc.o
                0x00000000080024b4                HAL_RCC_GetSysClockFreq
 .text.HAL_SPI_Init
                0x000000000800257c      0x134 Drivers/STM32F0xx_HAL_Driver/Src/stm32f0xx_hal_spi.o
                0x000000000800257c                HAL_SPI_Init
 .text.HAL_TIM_Base_Init
                0x00000000080026b0       0x58 Drivers/STM32F0xx_HAL_Driver/Src/stm32f0xx_hal_tim.o
                0x00000000080026b0                HAL_TIM_Base_Init
 .text.HAL_TIM_Base_Start
                0x0000000008002708       0x44 Drivers/STM32F0xx_HAL_Driver/Src/stm32f0xx_hal_tim.o
                0x0000000008002708                HAL_TIM_Base_Start
 .text.HAL_TIM_Base_Start_IT
                0x000000000800274c       0x44 Drivers/STM32F0xx_HAL_Driver/Src/stm32f0xx_hal_tim.o
                0x000000000800274c                HAL_TIM_Base_Start_IT
 .text.HAL_TIM_Base_Stop_IT
                0x0000000008002790       0x54 Drivers/STM32F0xx_HAL_Driver/Src/stm32f0xx_hal_tim.o
                0x0000000008002790                HAL_TIM_Base_Stop_IT
 .text.HAL_TIM_PWM_Init
                0x00000000080027e4       0x58 Drivers/STM32F0xx_HAL_Driver/Src/stm32f0xx_hal_tim.o
                0x00000000080027e4                HAL_TIM_PWM_Init
 .text.HAL_TIM_PWM_Start
                0x000000000800283c       0x98 Drivers/STM32F0xx_HAL_Driver/Src/stm32f0xx_hal_tim.o
                0x000000000800283c                HAL_TIM_PWM_Start
 .text.HAL_TIM_Encoder_Init
                0x00000000080028d4      0x128 Drivers/STM32F0xx_HAL_Driver/Src/stm32f0xx_hal_tim.o
                0x00000000080028d4                HAL_TIM_Encoder_Init
 .text.HAL_TIM_IRQHandler
                0x00000000080029fc      0x22c Drivers/STM32F0xx_HAL_Driver/Src/stm32f0xx_hal_tim.o
                0x00000000080029fc                HAL_TIM_IRQHandler
 .text.HAL_TIM_PWM_ConfigChannel
                0x0000000008002c28      0x170 Drivers/STM32F0xx_HAL_Driver/Src/stm32f0xx_hal_tim.o
                0x0000000008002c28                HAL_TIM_PWM_ConfigChannel
 .text.HAL_TIM_PeriodElapsedCallback
                0x0000000008002d98       0x10 Drivers/STM32F0xx_HAL_Driver/Src/stm32f0xx_hal_tim.o
                0x0000000008002d98                HAL_TIM_PeriodElapsedCallback
 .text.HAL_TIM_OC_DelayElapsedCallback
                0x0000000008002da8       0x10 Drivers/STM32F0xx_HAL_Driver/Src/stm32f0xx_hal_tim.o
                0x0000000008002da8                HAL_TIM_OC_DelayElapsedCallback
 .text.HAL_TIM_IC_CaptureCallback
                0x0000000008002db8       0x10 Drivers/STM32F0xx_HAL_Driver/Src/stm32f0xx_hal_tim.o
                0x0000000008002db8                HAL_TIM_IC_CaptureCallback
 .text.HAL_TIM_PWM_PulseFinishedCallback
                0x0000000008002dc8       0x10 Drivers/STM32F0xx_HAL_Driver/Src/stm32f0xx_hal_tim.o
                0x0000000008002dc8                HAL_TIM_PWM_PulseFinishedCallback
 .text.HAL_TIM_TriggerCallback
                0x0000000008002dd8       0x10 Drivers/STM32F0xx_HAL_Driver/Src/stm32f0xx_hal_tim.o
                0x0000000008002dd8                HAL_TIM_TriggerCallback
 .text.TIM_Base_SetConfig
                0x0000000008002de8      0x100 Drivers/STM32F0xx_HAL_Driver/Src/stm32f0xx_hal_tim.o
                0x0000000008002de8                TIM_Base_SetConfig
 .text.TIM_OC1_SetConfig
                0x0000000008002ee8      0x110 Drivers/STM32F0xx_HAL_Driver/Src/stm32f0xx_hal_tim.o
 .text.TIM_OC2_SetConfig
                0x0000000008002ff8      0x108 Drivers/STM32F0xx_HAL_Driver/Src/stm32f0xx_hal_tim.o
                0x0000000008002ff8                TIM_OC2_SetConfig
 .text.TIM_OC3_SetConfig
                0x0000000008003100      0x10c Drivers/STM32F0xx_HAL_Driver/Src/stm32f0xx_hal_tim.o
 .text.TIM_OC4_SetConfig
                0x000000000800320c       0xd4 Drivers/STM32F0xx_HAL_Driver/Src/stm32f0xx_hal_tim.o
 .text.TIM_CCxChannelCmd
                0x00000000080032e0       0x46 Drivers/STM32F0xx_HAL_Driver/Src/stm32f0xx_hal_tim.o
                0x00000000080032e0                TIM_CCxChannelCmd
 *fill*         0x0000000008003326        0x2 
 .text.HAL_TIMEx_MasterConfigSynchronization
                0x0000000008003328       0xbc Drivers/STM32F0xx_HAL_Driver/Src/stm32f0xx_hal_tim_ex.o
                0x0000000008003328                HAL_TIMEx_MasterConfigSynchronization
 .text.HAL_TIMEx_ConfigBreakDeadTime
                0x00000000080033e4       0xbc Drivers/STM32F0xx_HAL_Driver/Src/stm32f0xx_hal_tim_ex.o
                0x00000000080033e4                HAL_TIMEx_ConfigBreakDeadTime
 .text.HAL_TIMEx_CommutCallback
                0x00000000080034a0       0x10 Drivers/STM32F0xx_HAL_Driver/Src/stm32f0xx_hal_tim_ex.o
                0x00000000080034a0                HAL_TIMEx_CommutCallback
 .text.HAL_TIMEx_BreakCallback
                0x00000000080034b0       0x10 Drivers/STM32F0xx_HAL_Driver/Src/stm32f0xx_hal_tim_ex.o
                0x00000000080034b0                HAL_TIMEx_BreakCallback
 .text.ILI9341_Draw_Char
                0x00000000080034c0      0x210 Optimized_STM32_ILI9341/ILI9341_GFX.o
                0x00000000080034c0                ILI9341_Draw_Char
 .text.ILI9341_Draw_Text
                0x00000000080036d0       0xe2 Optimized_STM32_ILI9341/ILI9341_GFX.o
                0x00000000080036d0                ILI9341_Draw_Text
 .text.ILI9341_Init
                0x00000000080037b2      0x21e Optimized_STM32_ILI9341/ILI9341_STM32_Driver.o
                0x00000000080037b2                ILI9341_Init
 .text.ILI9341_SPI_Init
                0x00000000080039d0       0x38 Optimized_STM32_ILI9341/ILI9341_STM32_Driver.o
                0x00000000080039d0                ILI9341_SPI_Init
 .text.ILI9341_Draw_Vertical_Line
                0x0000000008003a08      0x10c Optimized_STM32_ILI9341/ILI9341_STM32_Driver.o
                0x0000000008003a08                ILI9341_Draw_Vertical_Line
 .text.ILI9341_Set_Frame
                0x0000000008003b14       0xb0 Optimized_STM32_ILI9341/ILI9341_STM32_Driver.o
                0x0000000008003b14                ILI9341_Set_Frame
 .text.ILI9341_Fill_Screen
                0x0000000008003bc4       0x54 Optimized_STM32_ILI9341/ILI9341_STM32_Driver.o
                0x0000000008003bc4                ILI9341_Fill_Screen
 .text.ILI9341_Draw_Pixel
                0x0000000008003c18      0x348 Optimized_STM32_ILI9341/ILI9341_STM32_Driver.o
                0x0000000008003c18                ILI9341_Draw_Pixel
 .text.ILI9341_Draw_Rectangle
                0x0000000008003f60      0x19c Optimized_STM32_ILI9341/ILI9341_STM32_Driver.o
                0x0000000008003f60                ILI9341_Draw_Rectangle
 .text.ILI9341_Set_Rotation
                0x00000000080040fc       0xa0 Optimized_STM32_ILI9341/ILI9341_STM32_Driver.o
                0x00000000080040fc                ILI9341_Set_Rotation
 .text._LCD_Enable
                0x000000000800419c       0x1c Optimized_STM32_ILI9341/ILI9341_STM32_Driver.o
                0x000000000800419c                _LCD_Enable
 .text._LCD_Reset
                0x00000000080041b8       0x44 Optimized_STM32_ILI9341/ILI9341_STM32_Driver.o
                0x00000000080041b8                _LCD_Reset
 .text._LCD_Write_Frame
                0x00000000080041fc      0x1c8 Optimized_STM32_ILI9341/ILI9341_STM32_Driver.o
                0x00000000080041fc                _LCD_Write_Frame
 .text._LCD_SendCommand
                0x00000000080043c4       0x74 Optimized_STM32_ILI9341/ILI9341_STM32_Driver.o
                0x00000000080043c4                _LCD_SendCommand
 .text._LCD_SendData
                0x0000000008004438       0x74 Optimized_STM32_ILI9341/ILI9341_STM32_Driver.o
                0x0000000008004438                _LCD_SendData
 .text._SPI_SendByte
                0x00000000080044ac       0x74 Optimized_STM32_ILI9341/ILI9341_STM32_Driver.o
                0x00000000080044ac                _SPI_SendByte
 .text._SPI_SendByteMultiByte
                0x0000000008004520       0xac Optimized_STM32_ILI9341/ILI9341_STM32_Driver.o
                0x0000000008004520                _SPI_SendByteMultiByte
 .text.__errno  0x00000000080045cc        0xc /home/chris/opt/STM32CubeIDE/st/stm32cubeide_1.2.0/plugins/com.st.stm32cube.ide.mcu.externaltools.gnu-tools-for-stm32.7-2018-q2-update.linux64_1.0.0.201904181610/tools/bin/../lib/gcc/arm-none-eabi/7.3.1/../../../../arm-none-eabi/lib/thumb/v6-m/libc_nano.a(lib_a-errno.o)
                0x00000000080045cc                __errno
 .text.__libc_init_array
                0x00000000080045d8       0x48 /home/chris/opt/STM32CubeIDE/st/stm32cubeide_1.2.0/plugins/com.st.stm32cube.ide.mcu.externaltools.gnu-tools-for-stm32.7-2018-q2-update.linux64_1.0.0.201904181610/tools/bin/../lib/gcc/arm-none-eabi/7.3.1/../../../../arm-none-eabi/lib/thumb/v6-m/libc_nano.a(lib_a-init.o)
                0x00000000080045d8                __libc_init_array
 .text.memset   0x0000000008004620       0x10 /home/chris/opt/STM32CubeIDE/st/stm32cubeide_1.2.0/plugins/com.st.stm32cube.ide.mcu.externaltools.gnu-tools-for-stm32.7-2018-q2-update.linux64_1.0.0.201904181610/tools/bin/../lib/gcc/arm-none-eabi/7.3.1/../../../../arm-none-eabi/lib/thumb/v6-m/libc_nano.a(lib_a-memset.o)
                0x0000000008004620                memset
 .text.snprintf
                0x0000000008004630       0x64 /home/chris/opt/STM32CubeIDE/st/stm32cubeide_1.2.0/plugins/com.st.stm32cube.ide.mcu.externaltools.gnu-tools-for-stm32.7-2018-q2-update.linux64_1.0.0.201904181610/tools/bin/../lib/gcc/arm-none-eabi/7.3.1/../../../../arm-none-eabi/lib/thumb/v6-m/libc_nano.a(lib_a-snprintf.o)
                0x0000000008004630                snprintf
                0x0000000008004630                sniprintf
 .text.__ssputs_r
                0x0000000008004694       0xc4 /home/chris/opt/STM32CubeIDE/st/stm32cubeide_1.2.0/plugins/com.st.stm32cube.ide.mcu.externaltools.gnu-tools-for-stm32.7-2018-q2-update.linux64_1.0.0.201904181610/tools/bin/../lib/gcc/arm-none-eabi/7.3.1/../../../../arm-none-eabi/lib/thumb/v6-m/libc_nano.a(lib_a-nano-svfprintf.o)
                0x0000000008004694                __ssputs_r
 .text._svfprintf_r
                0x0000000008004758      0x1fc /home/chris/opt/STM32CubeIDE/st/stm32cubeide_1.2.0/plugins/com.st.stm32cube.ide.mcu.externaltools.gnu-tools-for-stm32.7-2018-q2-update.linux64_1.0.0.201904181610/tools/bin/../lib/gcc/arm-none-eabi/7.3.1/../../../../arm-none-eabi/lib/thumb/v6-m/libc_nano.a(lib_a-nano-svfprintf.o)
                0x0000000008004758                _svfprintf_r
                0x0000000008004758                _svfiprintf_r
 .text._printf_common
                0x0000000008004954       0xda /home/chris/opt/STM32CubeIDE/st/stm32cubeide_1.2.0/plugins/com.st.stm32cube.ide.mcu.externaltools.gnu-tools-for-stm32.7-2018-q2-update.linux64_1.0.0.201904181610/tools/bin/../lib/gcc/arm-none-eabi/7.3.1/../../../../arm-none-eabi/lib/thumb/v6-m/libc_nano.a(lib_a-nano-vfprintf_i.o)
                0x0000000008004954                _printf_common
 *fill*         0x0000000008004a2e        0x2 
 .text._printf_i
                0x0000000008004a30      0x210 /home/chris/opt/STM32CubeIDE/st/stm32cubeide_1.2.0/plugins/com.st.stm32cube.ide.mcu.externaltools.gnu-tools-for-stm32.7-2018-q2-update.linux64_1.0.0.201904181610/tools/bin/../lib/gcc/arm-none-eabi/7.3.1/../../../../arm-none-eabi/lib/thumb/v6-m/libc_nano.a(lib_a-nano-vfprintf_i.o)
                0x0000000008004a30                _printf_i
 .text.memchr   0x0000000008004c40       0x16 /home/chris/opt/STM32CubeIDE/st/stm32cubeide_1.2.0/plugins/com.st.stm32cube.ide.mcu.externaltools.gnu-tools-for-stm32.7-2018-q2-update.linux64_1.0.0.201904181610/tools/bin/../lib/gcc/arm-none-eabi/7.3.1/../../../../arm-none-eabi/lib/thumb/v6-m/libc_nano.a(lib_a-memchr-stub.o)
                0x0000000008004c40                memchr
 .text.memcpy   0x0000000008004c56       0x12 /home/chris/opt/STM32CubeIDE/st/stm32cubeide_1.2.0/plugins/com.st.stm32cube.ide.mcu.externaltools.gnu-tools-for-stm32.7-2018-q2-update.linux64_1.0.0.201904181610/tools/bin/../lib/gcc/arm-none-eabi/7.3.1/../../../../arm-none-eabi/lib/thumb/v6-m/libc_nano.a(lib_a-memcpy-stub.o)
                0x0000000008004c56                memcpy
 .text.memmove  0x0000000008004c68       0x26 /home/chris/opt/STM32CubeIDE/st/stm32cubeide_1.2.0/plugins/com.st.stm32cube.ide.mcu.externaltools.gnu-tools-for-stm32.7-2018-q2-update.linux64_1.0.0.201904181610/tools/bin/../lib/gcc/arm-none-eabi/7.3.1/../../../../arm-none-eabi/lib/thumb/v6-m/libc_nano.a(lib_a-memmove.o)
                0x0000000008004c68                memmove
 *fill*         0x0000000008004c8e        0x2 
 .text._free_r  0x0000000008004c90       0x94 /home/chris/opt/STM32CubeIDE/st/stm32cubeide_1.2.0/plugins/com.st.stm32cube.ide.mcu.externaltools.gnu-tools-for-stm32.7-2018-q2-update.linux64_1.0.0.201904181610/tools/bin/../lib/gcc/arm-none-eabi/7.3.1/../../../../arm-none-eabi/lib/thumb/v6-m/libc_nano.a(lib_a-nano-freer.o)
                0x0000000008004c90                _free_r
 .text._malloc_r
                0x0000000008004d24       0xbc /home/chris/opt/STM32CubeIDE/st/stm32cubeide_1.2.0/plugins/com.st.stm32cube.ide.mcu.externaltools.gnu-tools-for-stm32.7-2018-q2-update.linux64_1.0.0.201904181610/tools/bin/../lib/gcc/arm-none-eabi/7.3.1/../../../../arm-none-eabi/lib/thumb/v6-m/libc_nano.a(lib_a-nano-mallocr.o)
                0x0000000008004d24                _malloc_r
 .text._realloc_r
                0x0000000008004de0       0x4c /home/chris/opt/STM32CubeIDE/st/stm32cubeide_1.2.0/plugins/com.st.stm32cube.ide.mcu.externaltools.gnu-tools-for-stm32.7-2018-q2-update.linux64_1.0.0.201904181610/tools/bin/../lib/gcc/arm-none-eabi/7.3.1/../../../../arm-none-eabi/lib/thumb/v6-m/libc_nano.a(lib_a-nano-reallocr.o)
                0x0000000008004de0                _realloc_r
 .text._sbrk_r  0x0000000008004e2c       0x24 /home/chris/opt/STM32CubeIDE/st/stm32cubeide_1.2.0/plugins/com.st.stm32cube.ide.mcu.externaltools.gnu-tools-for-stm32.7-2018-q2-update.linux64_1.0.0.201904181610/tools/bin/../lib/gcc/arm-none-eabi/7.3.1/../../../../arm-none-eabi/lib/thumb/v6-m/libc_nano.a(lib_a-sbrkr.o)
                0x0000000008004e2c                _sbrk_r
 .text.__malloc_lock
                0x0000000008004e50        0x2 /home/chris/opt/STM32CubeIDE/st/stm32cubeide_1.2.0/plugins/com.st.stm32cube.ide.mcu.externaltools.gnu-tools-for-stm32.7-2018-q2-update.linux64_1.0.0.201904181610/tools/bin/../lib/gcc/arm-none-eabi/7.3.1/../../../../arm-none-eabi/lib/thumb/v6-m/libc_nano.a(lib_a-mlock.o)
                0x0000000008004e50                __malloc_lock
 .text.__malloc_unlock
                0x0000000008004e52        0x2 /home/chris/opt/STM32CubeIDE/st/stm32cubeide_1.2.0/plugins/com.st.stm32cube.ide.mcu.externaltools.gnu-tools-for-stm32.7-2018-q2-update.linux64_1.0.0.201904181610/tools/bin/../lib/gcc/arm-none-eabi/7.3.1/../../../../arm-none-eabi/lib/thumb/v6-m/libc_nano.a(lib_a-mlock.o)
                0x0000000008004e52                __malloc_unlock
 .text._malloc_usable_size_r
                0x0000000008004e54       0x10 /home/chris/opt/STM32CubeIDE/st/stm32cubeide_1.2.0/plugins/com.st.stm32cube.ide.mcu.externaltools.gnu-tools-for-stm32.7-2018-q2-update.linux64_1.0.0.201904181610/tools/bin/../lib/gcc/arm-none-eabi/7.3.1/../../../../arm-none-eabi/lib/thumb/v6-m/libc_nano.a(lib_a-nano-msizer.o)
                0x0000000008004e54                _malloc_usable_size_r
 *(.glue_7)
 .glue_7        0x0000000008004e64        0x0 linker stubs
 *(.glue_7t)
 .glue_7t       0x0000000008004e64        0x0 linker stubs
 *(.eh_frame)
 .eh_frame      0x0000000008004e64        0x0 /home/chris/opt/STM32CubeIDE/st/stm32cubeide_1.2.0/plugins/com.st.stm32cube.ide.mcu.externaltools.gnu-tools-for-stm32.7-2018-q2-update.linux64_1.0.0.201904181610/tools/bin/../lib/gcc/arm-none-eabi/7.3.1/thumb/v6-m/crtbegin.o
 *(.init)
 .init          0x0000000008004e64        0x4 /home/chris/opt/STM32CubeIDE/st/stm32cubeide_1.2.0/plugins/com.st.stm32cube.ide.mcu.externaltools.gnu-tools-for-stm32.7-2018-q2-update.linux64_1.0.0.201904181610/tools/bin/../lib/gcc/arm-none-eabi/7.3.1/thumb/v6-m/crti.o
                0x0000000008004e64                _init
 .init          0x0000000008004e68        0x8 /home/chris/opt/STM32CubeIDE/st/stm32cubeide_1.2.0/plugins/com.st.stm32cube.ide.mcu.externaltools.gnu-tools-for-stm32.7-2018-q2-update.linux64_1.0.0.201904181610/tools/bin/../lib/gcc/arm-none-eabi/7.3.1/thumb/v6-m/crtn.o
 *(.fini)
 .fini          0x0000000008004e70        0x4 /home/chris/opt/STM32CubeIDE/st/stm32cubeide_1.2.0/plugins/com.st.stm32cube.ide.mcu.externaltools.gnu-tools-for-stm32.7-2018-q2-update.linux64_1.0.0.201904181610/tools/bin/../lib/gcc/arm-none-eabi/7.3.1/thumb/v6-m/crti.o
                0x0000000008004e70                _fini
 .fini          0x0000000008004e74        0x8 /home/chris/opt/STM32CubeIDE/st/stm32cubeide_1.2.0/plugins/com.st.stm32cube.ide.mcu.externaltools.gnu-tools-for-stm32.7-2018-q2-update.linux64_1.0.0.201904181610/tools/bin/../lib/gcc/arm-none-eabi/7.3.1/thumb/v6-m/crtn.o
                0x0000000008004e7c                . = ALIGN (0x4)
                0x0000000008004e7c                _etext = .

.vfp11_veneer   0x0000000008004e7c        0x0
 .vfp11_veneer  0x0000000008004e7c        0x0 linker stubs

.v4_bx          0x0000000008004e7c        0x0
 .v4_bx         0x0000000008004e7c        0x0 linker stubs

.iplt           0x0000000008004e7c        0x0
 .iplt          0x0000000008004e7c        0x0 /home/chris/opt/STM32CubeIDE/st/stm32cubeide_1.2.0/plugins/com.st.stm32cube.ide.mcu.externaltools.gnu-tools-for-stm32.7-2018-q2-update.linux64_1.0.0.201904181610/tools/bin/../lib/gcc/arm-none-eabi/7.3.1/thumb/v6-m/crtbegin.o

.rodata         0x0000000008004e7c      0x2dc
                0x0000000008004e7c                . = ALIGN (0x4)
 *(.rodata)
 .rodata        0x0000000008004e7c       0x33 Core/Src/UvboxManager/UvboxManager.o
 *fill*         0x0000000008004eaf        0x1 
 .rodata        0x0000000008004eb0        0x4 Core/Src/main.o
 .rodata        0x0000000008004eb4       0x20 Drivers/STM32F0xx_HAL_Driver/Src/stm32f0xx_hal_rcc.o
 *(.rodata*)
 .rodata.AHBPrescTable
                0x0000000008004ed4       0x10 Core/Src/system_stm32f0xx.o
                0x0000000008004ed4                AHBPrescTable
 .rodata.font   0x0000000008004ee4      0x240 Optimized_STM32_ILI9341/ILI9341_GFX.o
 .rodata._svfprintf_r.str1.1
                0x0000000008005124       0x11 /home/chris/opt/STM32CubeIDE/st/stm32cubeide_1.2.0/plugins/com.st.stm32cube.ide.mcu.externaltools.gnu-tools-for-stm32.7-2018-q2-update.linux64_1.0.0.201904181610/tools/bin/../lib/gcc/arm-none-eabi/7.3.1/../../../../arm-none-eabi/lib/thumb/v6-m/libc_nano.a(lib_a-nano-svfprintf.o)
 .rodata._printf_i.str1.1
                0x0000000008005135       0x22 /home/chris/opt/STM32CubeIDE/st/stm32cubeide_1.2.0/plugins/com.st.stm32cube.ide.mcu.externaltools.gnu-tools-for-stm32.7-2018-q2-update.linux64_1.0.0.201904181610/tools/bin/../lib/gcc/arm-none-eabi/7.3.1/../../../../arm-none-eabi/lib/thumb/v6-m/libc_nano.a(lib_a-nano-vfprintf_i.o)
                0x0000000008005158                . = ALIGN (0x4)
 *fill*         0x0000000008005157        0x1 

.rel.dyn        0x0000000008005158        0x0
 .rel.iplt      0x0000000008005158        0x0 /home/chris/opt/STM32CubeIDE/st/stm32cubeide_1.2.0/plugins/com.st.stm32cube.ide.mcu.externaltools.gnu-tools-for-stm32.7-2018-q2-update.linux64_1.0.0.201904181610/tools/bin/../lib/gcc/arm-none-eabi/7.3.1/thumb/v6-m/crtbegin.o

.ARM.extab      0x0000000008005158        0x0
                0x0000000008005158                . = ALIGN (0x4)
 *(.ARM.extab* .gnu.linkonce.armextab.*)
                0x0000000008005158                . = ALIGN (0x4)

.ARM            0x0000000008005158        0x0
                0x0000000008005158                . = ALIGN (0x4)
                0x0000000008005158                __exidx_start = .
 *(.ARM.exidx*)
                0x0000000008005158                __exidx_end = .
                0x0000000008005158                . = ALIGN (0x4)

.preinit_array  0x0000000008005158        0x0
                0x0000000008005158                . = ALIGN (0x4)
                0x0000000008005158                PROVIDE (__preinit_array_start = .)
 *(.preinit_array*)
                0x0000000008005158                PROVIDE (__preinit_array_end = .)
                0x0000000008005158                . = ALIGN (0x4)

.init_array     0x0000000008005158        0x4
                0x0000000008005158                . = ALIGN (0x4)
                0x0000000008005158                PROVIDE (__init_array_start = .)
 *(SORT_BY_NAME(.init_array.*))
 *(.init_array*)
 .init_array    0x0000000008005158        0x4 /home/chris/opt/STM32CubeIDE/st/stm32cubeide_1.2.0/plugins/com.st.stm32cube.ide.mcu.externaltools.gnu-tools-for-stm32.7-2018-q2-update.linux64_1.0.0.201904181610/tools/bin/../lib/gcc/arm-none-eabi/7.3.1/thumb/v6-m/crtbegin.o
                0x000000000800515c                PROVIDE (__init_array_end = .)
                0x000000000800515c                . = ALIGN (0x4)

.fini_array     0x000000000800515c        0x4
                0x000000000800515c                . = ALIGN (0x4)
                [!provide]                        PROVIDE (__fini_array_start = .)
 *(SORT_BY_NAME(.fini_array.*))
 *(.fini_array*)
 .fini_array    0x000000000800515c        0x4 /home/chris/opt/STM32CubeIDE/st/stm32cubeide_1.2.0/plugins/com.st.stm32cube.ide.mcu.externaltools.gnu-tools-for-stm32.7-2018-q2-update.linux64_1.0.0.201904181610/tools/bin/../lib/gcc/arm-none-eabi/7.3.1/thumb/v6-m/crtbegin.o
                [!provide]                        PROVIDE (__fini_array_end = .)
                0x0000000008005160                . = ALIGN (0x4)
                0x0000000008005160                _sidata = LOADADDR (.data)

.data           0x0000000020000000       0x78 load address 0x0000000008005160
                0x0000000020000000                . = ALIGN (0x4)
                0x0000000020000000                _sdata = .
 *(.data)
 *(.data*)
 .data.user_defined_timeout
                0x0000000020000000        0x2 Core/Src/UvboxManager/TimeoutManager.o
                0x0000000020000000                user_defined_timeout
 .data.timer_count
                0x0000000020000002        0x2 Core/Src/UvboxManager/TimeoutManager.o
                0x0000000020000002                timer_count
 .data.SystemCoreClock
                0x0000000020000004        0x4 Core/Src/system_stm32f0xx.o
                0x0000000020000004                SystemCoreClock
 .data.uwTickPrio
                0x0000000020000008        0x4 Drivers/STM32F0xx_HAL_Driver/Src/stm32f0xx_hal.o
                0x0000000020000008                uwTickPrio
 .data.uwTickFreq
                0x000000002000000c        0x1 Drivers/STM32F0xx_HAL_Driver/Src/stm32f0xx_hal.o
                0x000000002000000c                uwTickFreq
 *fill*         0x000000002000000d        0x1 
 .data.LCD_HEIGHT
                0x000000002000000e        0x2 Optimized_STM32_ILI9341/ILI9341_STM32_Driver.o
                0x000000002000000e                LCD_HEIGHT
 .data.LCD_WIDTH
                0x0000000020000010        0x2 Optimized_STM32_ILI9341/ILI9341_STM32_Driver.o
                0x0000000020000010                LCD_WIDTH
 .data.BURST_MAX_SIZE
                0x0000000020000012        0x2 Optimized_STM32_ILI9341/ILI9341_STM32_Driver.o
                0x0000000020000012                BURST_MAX_SIZE
 .data._impure_ptr
                0x0000000020000014        0x4 /home/chris/opt/STM32CubeIDE/st/stm32cubeide_1.2.0/plugins/com.st.stm32cube.ide.mcu.externaltools.gnu-tools-for-stm32.7-2018-q2-update.linux64_1.0.0.201904181610/tools/bin/../lib/gcc/arm-none-eabi/7.3.1/../../../../arm-none-eabi/lib/thumb/v6-m/libc_nano.a(lib_a-impure.o)
                0x0000000020000014                _impure_ptr
 .data.impure_data
                0x0000000020000018       0x60 /home/chris/opt/STM32CubeIDE/st/stm32cubeide_1.2.0/plugins/com.st.stm32cube.ide.mcu.externaltools.gnu-tools-for-stm32.7-2018-q2-update.linux64_1.0.0.201904181610/tools/bin/../lib/gcc/arm-none-eabi/7.3.1/../../../../arm-none-eabi/lib/thumb/v6-m/libc_nano.a(lib_a-impure.o)
                0x0000000020000078                . = ALIGN (0x4)
                0x0000000020000078                _edata = .

.igot.plt       0x0000000020000078        0x0 load address 0x00000000080051d8
 .igot.plt      0x0000000020000078        0x0 /home/chris/opt/STM32CubeIDE/st/stm32cubeide_1.2.0/plugins/com.st.stm32cube.ide.mcu.externaltools.gnu-tools-for-stm32.7-2018-q2-update.linux64_1.0.0.201904181610/tools/bin/../lib/gcc/arm-none-eabi/7.3.1/thumb/v6-m/crtbegin.o
                0x0000000020000078                . = ALIGN (0x4)

.bss            0x0000000020000078      0x264 load address 0x00000000080051d8
                0x0000000020000078                _sbss = .
                0x0000000020000078                __bss_start__ = _sbss
 *(.bss)
 .bss           0x0000000020000078       0x1c /home/chris/opt/STM32CubeIDE/st/stm32cubeide_1.2.0/plugins/com.st.stm32cube.ide.mcu.externaltools.gnu-tools-for-stm32.7-2018-q2-update.linux64_1.0.0.201904181610/tools/bin/../lib/gcc/arm-none-eabi/7.3.1/thumb/v6-m/crtbegin.o
 *(.bss*)
 .bss.eTheSystemState
                0x0000000020000094        0x1 Core/Src/UvboxManager/EventManager.o
                0x0000000020000094                eTheSystemState
 *fill*         0x0000000020000095        0x3 
 .bss.previous_encoder_value
                0x0000000020000098        0x4 Core/Src/UvboxManager/LedManager.o
                0x0000000020000098                previous_encoder_value
 .bss.debounce_last_interrupt_time
                0x000000002000009c        0x2 Core/Src/UvboxManager/UvboxManager.o
                0x000000002000009c                debounce_last_interrupt_time
 *fill*         0x000000002000009e        0x2 
 .bss.heap_end.5149
                0x00000000200000a0        0x4 Core/Src/sysmem.o
 .bss.__malloc_free_list
                0x00000000200000a4        0x4 /home/chris/opt/STM32CubeIDE/st/stm32cubeide_1.2.0/plugins/com.st.stm32cube.ide.mcu.externaltools.gnu-tools-for-stm32.7-2018-q2-update.linux64_1.0.0.201904181610/tools/bin/../lib/gcc/arm-none-eabi/7.3.1/../../../../arm-none-eabi/lib/thumb/v6-m/libc_nano.a(lib_a-nano-mallocr.o)
                0x00000000200000a4                __malloc_free_list
 .bss.__malloc_sbrk_start
                0x00000000200000a8        0x4 /home/chris/opt/STM32CubeIDE/st/stm32cubeide_1.2.0/plugins/com.st.stm32cube.ide.mcu.externaltools.gnu-tools-for-stm32.7-2018-q2-update.linux64_1.0.0.201904181610/tools/bin/../lib/gcc/arm-none-eabi/7.3.1/../../../../arm-none-eabi/lib/thumb/v6-m/libc_nano.a(lib_a-nano-mallocr.o)
                0x00000000200000a8                __malloc_sbrk_start
 *(COMMON)
 COMMON         0x00000000200000ac        0x1 Core/Src/UvboxManager/RotaryEncoder.o
                0x00000000200000ac                previous_encoder_dir
 *fill*         0x00000000200000ad        0x3 
 COMMON         0x00000000200000b0       0x64 Core/Src/spi.o
                0x00000000200000b0                hspi1
 COMMON         0x0000000020000114      0x1c0 Core/Src/tim.o
                0x0000000020000114                htim17
                0x0000000020000154                htim3
                0x0000000020000194                htim6
                0x00000000200001d4                htim1
                0x0000000020000214                htim2
                0x0000000020000254                htim14
                0x0000000020000294                htim16
 COMMON         0x00000000200002d4        0x4 Drivers/STM32F0xx_HAL_Driver/Src/stm32f0xx_hal.o
                0x00000000200002d4                uwTick
 COMMON         0x00000000200002d8        0x4 /home/chris/opt/STM32CubeIDE/st/stm32cubeide_1.2.0/plugins/com.st.stm32cube.ide.mcu.externaltools.gnu-tools-for-stm32.7-2018-q2-update.linux64_1.0.0.201904181610/tools/bin/../lib/gcc/arm-none-eabi/7.3.1/../../../../arm-none-eabi/lib/thumb/v6-m/libc_nano.a(lib_a-reent.o)
                0x00000000200002d8                errno
                0x00000000200002dc                . = ALIGN (0x4)
                0x00000000200002dc                _ebss = .
                0x00000000200002dc                __bss_end__ = _ebss

._user_heap_stack
                0x00000000200002dc      0x604 load address 0x00000000080051d8
                0x00000000200002e0                . = ALIGN (0x8)
 *fill*         0x00000000200002dc        0x4 
                0x00000000200002e0                PROVIDE (end = .)
                [!provide]                        PROVIDE (_end = .)
                0x00000000200004e0                . = (. + _Min_Heap_Size)
 *fill*         0x00000000200002e0      0x200 
                0x00000000200008e0                . = (. + _Min_Stack_Size)
 *fill*         0x00000000200004e0      0x400 
                0x00000000200008e0                . = ALIGN (0x8)

/DISCARD/
 libc.a(*)
 libm.a(*)
 libgcc.a(*)

.ARM.attributes
                0x0000000000000000       0x28
 *(.ARM.attributes)
 .ARM.attributes
                0x0000000000000000       0x1e /home/chris/opt/STM32CubeIDE/st/stm32cubeide_1.2.0/plugins/com.st.stm32cube.ide.mcu.externaltools.gnu-tools-for-stm32.7-2018-q2-update.linux64_1.0.0.201904181610/tools/bin/../lib/gcc/arm-none-eabi/7.3.1/thumb/v6-m/crti.o
 .ARM.attributes
                0x000000000000001e       0x2c /home/chris/opt/STM32CubeIDE/st/stm32cubeide_1.2.0/plugins/com.st.stm32cube.ide.mcu.externaltools.gnu-tools-for-stm32.7-2018-q2-update.linux64_1.0.0.201904181610/tools/bin/../lib/gcc/arm-none-eabi/7.3.1/thumb/v6-m/crtbegin.o
 .ARM.attributes
                0x000000000000004a       0x31 Core/Src/UvboxManager/EventManager.o
 .ARM.attributes
                0x000000000000007b       0x31 Core/Src/UvboxManager/LedManager.o
 .ARM.attributes
                0x00000000000000ac       0x31 Core/Src/UvboxManager/RotaryEncoder.o
 .ARM.attributes
                0x00000000000000dd       0x31 Core/Src/UvboxManager/TimeoutManager.o
 .ARM.attributes
                0x000000000000010e       0x31 Core/Src/UvboxManager/UvboxManager.o
 .ARM.attributes
                0x000000000000013f       0x31 Core/Src/gpio.o
 .ARM.attributes
                0x0000000000000170       0x31 Core/Src/main.o
 .ARM.attributes
                0x00000000000001a1       0x31 Core/Src/spi.o
 .ARM.attributes
                0x00000000000001d2       0x31 Core/Src/stm32f0xx_hal_msp.o
 .ARM.attributes
                0x0000000000000203       0x31 Core/Src/stm32f0xx_it.o
 .ARM.attributes
                0x0000000000000234       0x31 Core/Src/sysmem.o
 .ARM.attributes
                0x0000000000000265       0x31 Core/Src/system_stm32f0xx.o
 .ARM.attributes
                0x0000000000000296       0x31 Core/Src/tim.o
 .ARM.attributes
                0x00000000000002c7       0x21 Core/Startup/startup_stm32f051k8tx.o
 .ARM.attributes
                0x00000000000002e8       0x31 Drivers/STM32F0xx_HAL_Driver/Src/stm32f0xx_hal.o
 .ARM.attributes
                0x0000000000000319       0x31 Drivers/STM32F0xx_HAL_Driver/Src/stm32f0xx_hal_cortex.o
 .ARM.attributes
                0x000000000000034a       0x31 Drivers/STM32F0xx_HAL_Driver/Src/stm32f0xx_hal_gpio.o
 .ARM.attributes
                0x000000000000037b       0x31 Drivers/STM32F0xx_HAL_Driver/Src/stm32f0xx_hal_rcc.o
 .ARM.attributes
                0x00000000000003ac       0x31 Drivers/STM32F0xx_HAL_Driver/Src/stm32f0xx_hal_spi.o
 .ARM.attributes
                0x00000000000003dd       0x31 Drivers/STM32F0xx_HAL_Driver/Src/stm32f0xx_hal_tim.o
 .ARM.attributes
                0x000000000000040e       0x31 Drivers/STM32F0xx_HAL_Driver/Src/stm32f0xx_hal_tim_ex.o
 .ARM.attributes
                0x000000000000043f       0x31 Optimized_STM32_ILI9341/ILI9341_GFX.o
 .ARM.attributes
                0x0000000000000470       0x31 Optimized_STM32_ILI9341/ILI9341_STM32_Driver.o
 .ARM.attributes
                0x00000000000004a1       0x2c /home/chris/opt/STM32CubeIDE/st/stm32cubeide_1.2.0/plugins/com.st.stm32cube.ide.mcu.externaltools.gnu-tools-for-stm32.7-2018-q2-update.linux64_1.0.0.201904181610/tools/bin/../lib/gcc/arm-none-eabi/7.3.1/../../../../arm-none-eabi/lib/thumb/v6-m/libc_nano.a(lib_a-errno.o)
 .ARM.attributes
                0x00000000000004cd       0x2c /home/chris/opt/STM32CubeIDE/st/stm32cubeide_1.2.0/plugins/com.st.stm32cube.ide.mcu.externaltools.gnu-tools-for-stm32.7-2018-q2-update.linux64_1.0.0.201904181610/tools/bin/../lib/gcc/arm-none-eabi/7.3.1/../../../../arm-none-eabi/lib/thumb/v6-m/libc_nano.a(lib_a-impure.o)
 .ARM.attributes
                0x00000000000004f9       0x2c /home/chris/opt/STM32CubeIDE/st/stm32cubeide_1.2.0/plugins/com.st.stm32cube.ide.mcu.externaltools.gnu-tools-for-stm32.7-2018-q2-update.linux64_1.0.0.201904181610/tools/bin/../lib/gcc/arm-none-eabi/7.3.1/../../../../arm-none-eabi/lib/thumb/v6-m/libc_nano.a(lib_a-init.o)
 .ARM.attributes
                0x0000000000000525       0x2c /home/chris/opt/STM32CubeIDE/st/stm32cubeide_1.2.0/plugins/com.st.stm32cube.ide.mcu.externaltools.gnu-tools-for-stm32.7-2018-q2-update.linux64_1.0.0.201904181610/tools/bin/../lib/gcc/arm-none-eabi/7.3.1/../../../../arm-none-eabi/lib/thumb/v6-m/libc_nano.a(lib_a-memset.o)
 .ARM.attributes
                0x0000000000000551       0x2c /home/chris/opt/STM32CubeIDE/st/stm32cubeide_1.2.0/plugins/com.st.stm32cube.ide.mcu.externaltools.gnu-tools-for-stm32.7-2018-q2-update.linux64_1.0.0.201904181610/tools/bin/../lib/gcc/arm-none-eabi/7.3.1/../../../../arm-none-eabi/lib/thumb/v6-m/libc_nano.a(lib_a-snprintf.o)
 .ARM.attributes
                0x000000000000057d       0x2c /home/chris/opt/STM32CubeIDE/st/stm32cubeide_1.2.0/plugins/com.st.stm32cube.ide.mcu.externaltools.gnu-tools-for-stm32.7-2018-q2-update.linux64_1.0.0.201904181610/tools/bin/../lib/gcc/arm-none-eabi/7.3.1/../../../../arm-none-eabi/lib/thumb/v6-m/libc_nano.a(lib_a-nano-svfprintf.o)
 .ARM.attributes
                0x00000000000005a9       0x2c /home/chris/opt/STM32CubeIDE/st/stm32cubeide_1.2.0/plugins/com.st.stm32cube.ide.mcu.externaltools.gnu-tools-for-stm32.7-2018-q2-update.linux64_1.0.0.201904181610/tools/bin/../lib/gcc/arm-none-eabi/7.3.1/../../../../arm-none-eabi/lib/thumb/v6-m/libc_nano.a(lib_a-nano-vfprintf_i.o)
 .ARM.attributes
                0x00000000000005d5       0x2c /home/chris/opt/STM32CubeIDE/st/stm32cubeide_1.2.0/plugins/com.st.stm32cube.ide.mcu.externaltools.gnu-tools-for-stm32.7-2018-q2-update.linux64_1.0.0.201904181610/tools/bin/../lib/gcc/arm-none-eabi/7.3.1/../../../../arm-none-eabi/lib/thumb/v6-m/libc_nano.a(lib_a-memchr-stub.o)
 .ARM.attributes
                0x0000000000000601       0x2c /home/chris/opt/STM32CubeIDE/st/stm32cubeide_1.2.0/plugins/com.st.stm32cube.ide.mcu.externaltools.gnu-tools-for-stm32.7-2018-q2-update.linux64_1.0.0.201904181610/tools/bin/../lib/gcc/arm-none-eabi/7.3.1/../../../../arm-none-eabi/lib/thumb/v6-m/libc_nano.a(lib_a-memcpy-stub.o)
 .ARM.attributes
                0x000000000000062d       0x2c /home/chris/opt/STM32CubeIDE/st/stm32cubeide_1.2.0/plugins/com.st.stm32cube.ide.mcu.externaltools.gnu-tools-for-stm32.7-2018-q2-update.linux64_1.0.0.201904181610/tools/bin/../lib/gcc/arm-none-eabi/7.3.1/../../../../arm-none-eabi/lib/thumb/v6-m/libc_nano.a(lib_a-memmove.o)
 .ARM.attributes
                0x0000000000000659       0x2c /home/chris/opt/STM32CubeIDE/st/stm32cubeide_1.2.0/plugins/com.st.stm32cube.ide.mcu.externaltools.gnu-tools-for-stm32.7-2018-q2-update.linux64_1.0.0.201904181610/tools/bin/../lib/gcc/arm-none-eabi/7.3.1/../../../../arm-none-eabi/lib/thumb/v6-m/libc_nano.a(lib_a-nano-freer.o)
 .ARM.attributes
                0x0000000000000685       0x2c /home/chris/opt/STM32CubeIDE/st/stm32cubeide_1.2.0/plugins/com.st.stm32cube.ide.mcu.externaltools.gnu-tools-for-stm32.7-2018-q2-update.linux64_1.0.0.201904181610/tools/bin/../lib/gcc/arm-none-eabi/7.3.1/../../../../arm-none-eabi/lib/thumb/v6-m/libc_nano.a(lib_a-nano-mallocr.o)
 .ARM.attributes
                0x00000000000006b1       0x2c /home/chris/opt/STM32CubeIDE/st/stm32cubeide_1.2.0/plugins/com.st.stm32cube.ide.mcu.externaltools.gnu-tools-for-stm32.7-2018-q2-update.linux64_1.0.0.201904181610/tools/bin/../lib/gcc/arm-none-eabi/7.3.1/../../../../arm-none-eabi/lib/thumb/v6-m/libc_nano.a(lib_a-nano-reallocr.o)
 .ARM.attributes
                0x00000000000006dd       0x2c /home/chris/opt/STM32CubeIDE/st/stm32cubeide_1.2.0/plugins/com.st.stm32cube.ide.mcu.externaltools.gnu-tools-for-stm32.7-2018-q2-update.linux64_1.0.0.201904181610/tools/bin/../lib/gcc/arm-none-eabi/7.3.1/../../../../arm-none-eabi/lib/thumb/v6-m/libc_nano.a(lib_a-sbrkr.o)
 .ARM.attributes
                0x0000000000000709       0x2c /home/chris/opt/STM32CubeIDE/st/stm32cubeide_1.2.0/plugins/com.st.stm32cube.ide.mcu.externaltools.gnu-tools-for-stm32.7-2018-q2-update.linux64_1.0.0.201904181610/tools/bin/../lib/gcc/arm-none-eabi/7.3.1/../../../../arm-none-eabi/lib/thumb/v6-m/libc_nano.a(lib_a-mlock.o)
 .ARM.attributes
                0x0000000000000735       0x2c /home/chris/opt/STM32CubeIDE/st/stm32cubeide_1.2.0/plugins/com.st.stm32cube.ide.mcu.externaltools.gnu-tools-for-stm32.7-2018-q2-update.linux64_1.0.0.201904181610/tools/bin/../lib/gcc/arm-none-eabi/7.3.1/../../../../arm-none-eabi/lib/thumb/v6-m/libc_nano.a(lib_a-nano-msizer.o)
 .ARM.attributes
                0x0000000000000761       0x2c /home/chris/opt/STM32CubeIDE/st/stm32cubeide_1.2.0/plugins/com.st.stm32cube.ide.mcu.externaltools.gnu-tools-for-stm32.7-2018-q2-update.linux64_1.0.0.201904181610/tools/bin/../lib/gcc/arm-none-eabi/7.3.1/../../../../arm-none-eabi/lib/thumb/v6-m/libc_nano.a(lib_a-reent.o)
 .ARM.attributes
                0x000000000000078d       0x1e /home/chris/opt/STM32CubeIDE/st/stm32cubeide_1.2.0/plugins/com.st.stm32cube.ide.mcu.externaltools.gnu-tools-for-stm32.7-2018-q2-update.linux64_1.0.0.201904181610/tools/bin/../lib/gcc/arm-none-eabi/7.3.1/thumb/v6-m/libgcc.a(_udivsi3.o)
 .ARM.attributes
                0x00000000000007ab       0x1e /home/chris/opt/STM32CubeIDE/st/stm32cubeide_1.2.0/plugins/com.st.stm32cube.ide.mcu.externaltools.gnu-tools-for-stm32.7-2018-q2-update.linux64_1.0.0.201904181610/tools/bin/../lib/gcc/arm-none-eabi/7.3.1/thumb/v6-m/libgcc.a(_dvmd_tls.o)
 .ARM.attributes
                0x00000000000007c9       0x1e /home/chris/opt/STM32CubeIDE/st/stm32cubeide_1.2.0/plugins/com.st.stm32cube.ide.mcu.externaltools.gnu-tools-for-stm32.7-2018-q2-update.linux64_1.0.0.201904181610/tools/bin/../lib/gcc/arm-none-eabi/7.3.1/thumb/v6-m/crtn.o
OUTPUT(UV_LED_DRIVER_SW_STM32L051.elf elf32-littlearm)

.debug_info     0x0000000000000000    0x118c8
 .debug_info    0x0000000000000000       0xc5 Core/Src/UvboxManager/EventManager.o
 .debug_info    0x00000000000000c5      0xf7f Core/Src/UvboxManager/LedManager.o
 .debug_info    0x0000000000001044      0xec4 Core/Src/UvboxManager/RotaryEncoder.o
 .debug_info    0x0000000000001f08      0xf22 Core/Src/UvboxManager/TimeoutManager.o
 .debug_info    0x0000000000002e2a     0x1024 Core/Src/UvboxManager/UvboxManager.o
 .debug_info    0x0000000000003e4e      0x48f Core/Src/gpio.o
 .debug_info    0x00000000000042dd     0x12a0 Core/Src/main.o
 .debug_info    0x000000000000557d      0x897 Core/Src/spi.o
 .debug_info    0x0000000000005e14      0x25e Core/Src/stm32f0xx_hal_msp.o
 .debug_info    0x0000000000006072      0xef3 Core/Src/stm32f0xx_it.o
 .debug_info    0x0000000000006f65      0x91c Core/Src/sysmem.o
 .debug_info    0x0000000000007881      0x29e Core/Src/system_stm32f0xx.o
 .debug_info    0x0000000000007b1f      0xe60 Core/Src/tim.o
 .debug_info    0x000000000000897f       0x22 Core/Startup/startup_stm32f051k8tx.o
 .debug_info    0x00000000000089a1      0x6a8 Drivers/STM32F0xx_HAL_Driver/Src/stm32f0xx_hal.o
 .debug_info    0x0000000000009049      0x77a Drivers/STM32F0xx_HAL_Driver/Src/stm32f0xx_hal_cortex.o
 .debug_info    0x00000000000097c3      0x673 Drivers/STM32F0xx_HAL_Driver/Src/stm32f0xx_hal_gpio.o
 .debug_info    0x0000000000009e36      0x821 Drivers/STM32F0xx_HAL_Driver/Src/stm32f0xx_hal_rcc.o
 .debug_info    0x000000000000a657     0x15f9 Drivers/STM32F0xx_HAL_Driver/Src/stm32f0xx_hal_spi.o
 .debug_info    0x000000000000bc50     0x2522 Drivers/STM32F0xx_HAL_Driver/Src/stm32f0xx_hal_tim.o
 .debug_info    0x000000000000e172     0x10e6 Drivers/STM32F0xx_HAL_Driver/Src/stm32f0xx_hal_tim_ex.o
 .debug_info    0x000000000000f258     0x18de Optimized_STM32_ILI9341/ILI9341_GFX.o
 .debug_info    0x0000000000010b36      0xd92 Optimized_STM32_ILI9341/ILI9341_STM32_Driver.o

.debug_abbrev   0x0000000000000000     0x29d8
 .debug_abbrev  0x0000000000000000       0x9b Core/Src/UvboxManager/EventManager.o
 .debug_abbrev  0x000000000000009b      0x235 Core/Src/UvboxManager/LedManager.o
 .debug_abbrev  0x00000000000002d0      0x20c Core/Src/UvboxManager/RotaryEncoder.o
 .debug_abbrev  0x00000000000004dc      0x1f9 Core/Src/UvboxManager/TimeoutManager.o
 .debug_abbrev  0x00000000000006d5      0x24d Core/Src/UvboxManager/UvboxManager.o
 .debug_abbrev  0x0000000000000922      0x13d Core/Src/gpio.o
 .debug_abbrev  0x0000000000000a5f      0x222 Core/Src/main.o
 .debug_abbrev  0x0000000000000c81      0x199 Core/Src/spi.o
 .debug_abbrev  0x0000000000000e1a      0x109 Core/Src/stm32f0xx_hal_msp.o
 .debug_abbrev  0x0000000000000f23      0x1e5 Core/Src/stm32f0xx_it.o
 .debug_abbrev  0x0000000000001108      0x1bb Core/Src/sysmem.o
 .debug_abbrev  0x00000000000012c3      0x12b Core/Src/system_stm32f0xx.o
 .debug_abbrev  0x00000000000013ee      0x237 Core/Src/tim.o
 .debug_abbrev  0x0000000000001625       0x12 Core/Startup/startup_stm32f051k8tx.o
 .debug_abbrev  0x0000000000001637      0x1f2 Drivers/STM32F0xx_HAL_Driver/Src/stm32f0xx_hal.o
 .debug_abbrev  0x0000000000001829      0x273 Drivers/STM32F0xx_HAL_Driver/Src/stm32f0xx_hal_cortex.o
 .debug_abbrev  0x0000000000001a9c      0x1c0 Drivers/STM32F0xx_HAL_Driver/Src/stm32f0xx_hal_gpio.o
 .debug_abbrev  0x0000000000001c5c      0x20f Drivers/STM32F0xx_HAL_Driver/Src/stm32f0xx_hal_rcc.o
 .debug_abbrev  0x0000000000001e6b      0x228 Drivers/STM32F0xx_HAL_Driver/Src/stm32f0xx_hal_spi.o
 .debug_abbrev  0x0000000000002093      0x23f Drivers/STM32F0xx_HAL_Driver/Src/stm32f0xx_hal_tim.o
 .debug_abbrev  0x00000000000022d2      0x22d Drivers/STM32F0xx_HAL_Driver/Src/stm32f0xx_hal_tim_ex.o
 .debug_abbrev  0x00000000000024ff      0x2ae Optimized_STM32_ILI9341/ILI9341_GFX.o
 .debug_abbrev  0x00000000000027ad      0x22b Optimized_STM32_ILI9341/ILI9341_STM32_Driver.o

.debug_aranges  0x0000000000000000      0xda8
 .debug_aranges
                0x0000000000000000       0x28 Core/Src/UvboxManager/EventManager.o
 .debug_aranges
                0x0000000000000028       0x48 Core/Src/UvboxManager/LedManager.o
 .debug_aranges
                0x0000000000000070       0x30 Core/Src/UvboxManager/RotaryEncoder.o
 .debug_aranges
                0x00000000000000a0       0x58 Core/Src/UvboxManager/TimeoutManager.o
 .debug_aranges
                0x00000000000000f8       0x60 Core/Src/UvboxManager/UvboxManager.o
 .debug_aranges
                0x0000000000000158       0x20 Core/Src/gpio.o
 .debug_aranges
                0x0000000000000178       0x30 Core/Src/main.o
 .debug_aranges
                0x00000000000001a8       0x30 Core/Src/spi.o
 .debug_aranges
                0x00000000000001d8       0x20 Core/Src/stm32f0xx_hal_msp.o
 .debug_aranges
                0x00000000000001f8       0x60 Core/Src/stm32f0xx_it.o
 .debug_aranges
                0x0000000000000258       0x20 Core/Src/sysmem.o
 .debug_aranges
                0x0000000000000278       0x28 Core/Src/system_stm32f0xx.o
 .debug_aranges
                0x00000000000002a0       0x88 Core/Src/tim.o
 .debug_aranges
                0x0000000000000328       0x28 Core/Startup/startup_stm32f051k8tx.o
 .debug_aranges
                0x0000000000000350       0xd0 Drivers/STM32F0xx_HAL_Driver/Src/stm32f0xx_hal.o
 .debug_aranges
                0x0000000000000420       0xc0 Drivers/STM32F0xx_HAL_Driver/Src/stm32f0xx_hal_cortex.o
 .debug_aranges
                0x00000000000004e0       0x58 Drivers/STM32F0xx_HAL_Driver/Src/stm32f0xx_hal_gpio.o
 .debug_aranges
                0x0000000000000538       0x80 Drivers/STM32F0xx_HAL_Driver/Src/stm32f0xx_hal_rcc.o
 .debug_aranges
                0x00000000000005b8      0x1d8 Drivers/STM32F0xx_HAL_Driver/Src/stm32f0xx_hal_spi.o
 .debug_aranges
                0x0000000000000790      0x3b8 Drivers/STM32F0xx_HAL_Driver/Src/stm32f0xx_hal_tim.o
 .debug_aranges
                0x0000000000000b48      0x150 Drivers/STM32F0xx_HAL_Driver/Src/stm32f0xx_hal_tim_ex.o
 .debug_aranges
                0x0000000000000c98       0x78 Optimized_STM32_ILI9341/ILI9341_GFX.o
 .debug_aranges
                0x0000000000000d10       0x98 Optimized_STM32_ILI9341/ILI9341_STM32_Driver.o

.debug_ranges   0x0000000000000000      0xc40
 .debug_ranges  0x0000000000000000       0x18 Core/Src/UvboxManager/EventManager.o
 .debug_ranges  0x0000000000000018       0x38 Core/Src/UvboxManager/LedManager.o
 .debug_ranges  0x0000000000000050       0x20 Core/Src/UvboxManager/RotaryEncoder.o
 .debug_ranges  0x0000000000000070       0x48 Core/Src/UvboxManager/TimeoutManager.o
 .debug_ranges  0x00000000000000b8       0x50 Core/Src/UvboxManager/UvboxManager.o
 .debug_ranges  0x0000000000000108       0x10 Core/Src/gpio.o
 .debug_ranges  0x0000000000000118       0x20 Core/Src/main.o
 .debug_ranges  0x0000000000000138       0x20 Core/Src/spi.o
 .debug_ranges  0x0000000000000158       0x10 Core/Src/stm32f0xx_hal_msp.o
 .debug_ranges  0x0000000000000168       0x50 Core/Src/stm32f0xx_it.o
 .debug_ranges  0x00000000000001b8       0x10 Core/Src/sysmem.o
 .debug_ranges  0x00000000000001c8       0x18 Core/Src/system_stm32f0xx.o
 .debug_ranges  0x00000000000001e0       0x78 Core/Src/tim.o
 .debug_ranges  0x0000000000000258       0x20 Core/Startup/startup_stm32f051k8tx.o
 .debug_ranges  0x0000000000000278       0xc0 Drivers/STM32F0xx_HAL_Driver/Src/stm32f0xx_hal.o
 .debug_ranges  0x0000000000000338       0xb0 Drivers/STM32F0xx_HAL_Driver/Src/stm32f0xx_hal_cortex.o
 .debug_ranges  0x00000000000003e8       0x48 Drivers/STM32F0xx_HAL_Driver/Src/stm32f0xx_hal_gpio.o
 .debug_ranges  0x0000000000000430       0x70 Drivers/STM32F0xx_HAL_Driver/Src/stm32f0xx_hal_rcc.o
 .debug_ranges  0x00000000000004a0      0x1c8 Drivers/STM32F0xx_HAL_Driver/Src/stm32f0xx_hal_spi.o
 .debug_ranges  0x0000000000000668      0x3a8 Drivers/STM32F0xx_HAL_Driver/Src/stm32f0xx_hal_tim.o
 .debug_ranges  0x0000000000000a10      0x140 Drivers/STM32F0xx_HAL_Driver/Src/stm32f0xx_hal_tim_ex.o
 .debug_ranges  0x0000000000000b50       0x68 Optimized_STM32_ILI9341/ILI9341_GFX.o
 .debug_ranges  0x0000000000000bb8       0x88 Optimized_STM32_ILI9341/ILI9341_STM32_Driver.o

.debug_macro    0x0000000000000000    0x10c2f
 .debug_macro   0x0000000000000000       0x24 Core/Src/UvboxManager/EventManager.o
 .debug_macro   0x0000000000000024      0xa48 Core/Src/UvboxManager/EventManager.o
 .debug_macro   0x0000000000000a6c       0x16 Core/Src/UvboxManager/EventManager.o
 .debug_macro   0x0000000000000a82      0x3ab Core/Src/UvboxManager/LedManager.o
 .debug_macro   0x0000000000000e2d       0x10 Core/Src/UvboxManager/LedManager.o
 .debug_macro   0x0000000000000e3d       0x22 Core/Src/UvboxManager/LedManager.o
 .debug_macro   0x0000000000000e5f       0x8e Core/Src/UvboxManager/LedManager.o
 .debug_macro   0x0000000000000eed       0x51 Core/Src/UvboxManager/LedManager.o
 .debug_macro   0x0000000000000f3e       0xef Core/Src/UvboxManager/LedManager.o
 .debug_macro   0x000000000000102d       0x6a Core/Src/UvboxManager/LedManager.o
 .debug_macro   0x0000000000001097      0x1df Core/Src/UvboxManager/LedManager.o
 .debug_macro   0x0000000000001276      0x133 Core/Src/UvboxManager/LedManager.o
 .debug_macro   0x00000000000013a9       0x2e Core/Src/UvboxManager/LedManager.o
 .debug_macro   0x00000000000013d7       0x22 Core/Src/UvboxManager/LedManager.o
 .debug_macro   0x00000000000013f9       0x1c Core/Src/UvboxManager/LedManager.o
 .debug_macro   0x0000000000001415       0x22 Core/Src/UvboxManager/LedManager.o
 .debug_macro   0x0000000000001437       0xb5 Core/Src/UvboxManager/LedManager.o
 .debug_macro   0x00000000000014ec      0x391 Core/Src/UvboxManager/LedManager.o
 .debug_macro   0x000000000000187d     0x8cdd Core/Src/UvboxManager/LedManager.o
 .debug_macro   0x000000000000a55a       0x3c Core/Src/UvboxManager/LedManager.o
 .debug_macro   0x000000000000a596      0x174 Core/Src/UvboxManager/LedManager.o
 .debug_macro   0x000000000000a70a       0x53 Core/Src/UvboxManager/LedManager.o
 .debug_macro   0x000000000000a75d      0x924 Core/Src/UvboxManager/LedManager.o
 .debug_macro   0x000000000000b081      0x251 Core/Src/UvboxManager/LedManager.o
 .debug_macro   0x000000000000b2d2      0x12f Core/Src/UvboxManager/LedManager.o
 .debug_macro   0x000000000000b401      0x114 Core/Src/UvboxManager/LedManager.o
 .debug_macro   0x000000000000b515      0x1a0 Core/Src/UvboxManager/LedManager.o
 .debug_macro   0x000000000000b6b5      0x1ed Core/Src/UvboxManager/LedManager.o
 .debug_macro   0x000000000000b8a2       0x34 Core/Src/UvboxManager/LedManager.o
 .debug_macro   0x000000000000b8d6       0x43 Core/Src/UvboxManager/LedManager.o
 .debug_macro   0x000000000000b919       0x28 Core/Src/UvboxManager/LedManager.o
 .debug_macro   0x000000000000b941       0xb0 Core/Src/UvboxManager/LedManager.o
 .debug_macro   0x000000000000b9f1      0x199 Core/Src/UvboxManager/LedManager.o
 .debug_macro   0x000000000000bb8a      0x22c Core/Src/UvboxManager/LedManager.o
 .debug_macro   0x000000000000bdb6       0x5f Core/Src/UvboxManager/LedManager.o
 .debug_macro   0x000000000000be15       0xa5 Core/Src/UvboxManager/LedManager.o
 .debug_macro   0x000000000000beba       0x4c Core/Src/UvboxManager/LedManager.o
 .debug_macro   0x000000000000bf06      0x112 Core/Src/UvboxManager/LedManager.o
 .debug_macro   0x000000000000c018      0x305 Core/Src/UvboxManager/LedManager.o
 .debug_macro   0x000000000000c31d      0x8ae Core/Src/UvboxManager/LedManager.o
 .debug_macro   0x000000000000cbcb       0x28 Core/Src/UvboxManager/LedManager.o
 .debug_macro   0x000000000000cbf3      0x114 Core/Src/UvboxManager/LedManager.o
 .debug_macro   0x000000000000cd07       0x2e Core/Src/UvboxManager/LedManager.o
 .debug_macro   0x000000000000cd35       0x10 Core/Src/UvboxManager/LedManager.o
 .debug_macro   0x000000000000cd45       0xc6 Core/Src/UvboxManager/LedManager.o
 .debug_macro   0x000000000000ce0b       0x46 Core/Src/UvboxManager/LedManager.o
 .debug_macro   0x000000000000ce51       0x18 Core/Src/UvboxManager/LedManager.o
 .debug_macro   0x000000000000ce69       0x3c Core/Src/UvboxManager/LedManager.o
 .debug_macro   0x000000000000cea5       0x34 Core/Src/UvboxManager/LedManager.o
 .debug_macro   0x000000000000ced9       0x16 Core/Src/UvboxManager/LedManager.o
 .debug_macro   0x000000000000ceef       0x35 Core/Src/UvboxManager/LedManager.o
 .debug_macro   0x000000000000cf24      0x32a Core/Src/UvboxManager/LedManager.o
 .debug_macro   0x000000000000d24e       0x10 Core/Src/UvboxManager/LedManager.o
 .debug_macro   0x000000000000d25e       0x52 Core/Src/UvboxManager/LedManager.o
 .debug_macro   0x000000000000d2b0       0x1f Core/Src/UvboxManager/LedManager.o
 .debug_macro   0x000000000000d2cf       0x43 Core/Src/UvboxManager/LedManager.o
 .debug_macro   0x000000000000d312       0x20 Core/Src/UvboxManager/LedManager.o
 .debug_macro   0x000000000000d332      0x1a3 Core/Src/UvboxManager/LedManager.o
 .debug_macro   0x000000000000d4d5       0x10 Core/Src/UvboxManager/LedManager.o
 .debug_macro   0x000000000000d4e5       0x1c Core/Src/UvboxManager/LedManager.o
 .debug_macro   0x000000000000d501       0x52 Core/Src/UvboxManager/LedManager.o
 .debug_macro   0x000000000000d553       0x40 Core/Src/UvboxManager/LedManager.o
 .debug_macro   0x000000000000d593       0x10 Core/Src/UvboxManager/LedManager.o
 .debug_macro   0x000000000000d5a3       0x40 Core/Src/UvboxManager/LedManager.o
 .debug_macro   0x000000000000d5e3       0xd7 Core/Src/UvboxManager/LedManager.o
 .debug_macro   0x000000000000d6ba       0x1c Core/Src/UvboxManager/LedManager.o
 .debug_macro   0x000000000000d6d6       0x3d Core/Src/UvboxManager/LedManager.o
 .debug_macro   0x000000000000d713       0x16 Core/Src/UvboxManager/LedManager.o
 .debug_macro   0x000000000000d729      0x145 Core/Src/UvboxManager/LedManager.o
 .debug_macro   0x000000000000d86e       0x16 Core/Src/UvboxManager/LedManager.o
 .debug_macro   0x000000000000d884       0x10 Core/Src/UvboxManager/LedManager.o
 .debug_macro   0x000000000000d894       0x2e Core/Src/UvboxManager/LedManager.o
 .debug_macro   0x000000000000d8c2      0x39c Core/Src/UvboxManager/RotaryEncoder.o
 .debug_macro   0x000000000000dc5e      0x392 Core/Src/UvboxManager/TimeoutManager.o
 .debug_macro   0x000000000000dff0      0x3bc Core/Src/UvboxManager/UvboxManager.o
 .debug_macro   0x000000000000e3ac       0x10 Core/Src/UvboxManager/UvboxManager.o
 .debug_macro   0x000000000000e3bc      0x1d3 Core/Src/gpio.o
 .debug_macro   0x000000000000e58f      0x3a3 Core/Src/main.o
 .debug_macro   0x000000000000e932      0x1d3 Core/Src/spi.o
 .debug_macro   0x000000000000eb05      0x1c9 Core/Src/stm32f0xx_hal_msp.o
 .debug_macro   0x000000000000ecce      0x39e Core/Src/stm32f0xx_it.o
 .debug_macro   0x000000000000f06c      0x1ae Core/Src/sysmem.o
 .debug_macro   0x000000000000f21a      0x23b Core/Src/sysmem.o
 .debug_macro   0x000000000000f455      0x1ba Core/Src/system_stm32f0xx.o
 .debug_macro   0x000000000000f60f      0x1d3 Core/Src/tim.o
 .debug_macro   0x000000000000f7e2      0x1de Drivers/STM32F0xx_HAL_Driver/Src/stm32f0xx_hal.o
 .debug_macro   0x000000000000f9c0      0x1ba Drivers/STM32F0xx_HAL_Driver/Src/stm32f0xx_hal_cortex.o
 .debug_macro   0x000000000000fb7a      0x1f2 Drivers/STM32F0xx_HAL_Driver/Src/stm32f0xx_hal_gpio.o
 .debug_macro   0x000000000000fd6c      0x1cc Drivers/STM32F0xx_HAL_Driver/Src/stm32f0xx_hal_rcc.o
 .debug_macro   0x000000000000ff38      0x1c2 Drivers/STM32F0xx_HAL_Driver/Src/stm32f0xx_hal_spi.o
 .debug_macro   0x00000000000100fa      0x1bb Drivers/STM32F0xx_HAL_Driver/Src/stm32f0xx_hal_tim.o
 .debug_macro   0x00000000000102b5      0x1ba Drivers/STM32F0xx_HAL_Driver/Src/stm32f0xx_hal_tim_ex.o
 .debug_macro   0x000000000001046f      0x37e Optimized_STM32_ILI9341/ILI9341_GFX.o
 .debug_macro   0x00000000000107ed       0x16 Optimized_STM32_ILI9341/ILI9341_GFX.o
 .debug_macro   0x0000000000010803       0x34 Optimized_STM32_ILI9341/ILI9341_GFX.o
 .debug_macro   0x0000000000010837       0x1c Optimized_STM32_ILI9341/ILI9341_GFX.o
 .debug_macro   0x0000000000010853      0x1e1 Optimized_STM32_ILI9341/ILI9341_GFX.o
 .debug_macro   0x0000000000010a34      0x1fb Optimized_STM32_ILI9341/ILI9341_STM32_Driver.o

.debug_line     0x0000000000000000     0xdc5d
 .debug_line    0x0000000000000000       0x9b Core/Src/UvboxManager/EventManager.o
 .debug_line    0x000000000000009b      0xa67 Core/Src/UvboxManager/LedManager.o
 .debug_line    0x0000000000000b02      0x9c6 Core/Src/UvboxManager/RotaryEncoder.o
 .debug_line    0x00000000000014c8      0xa0f Core/Src/UvboxManager/TimeoutManager.o
 .debug_line    0x0000000000001ed7      0xa6c Core/Src/UvboxManager/UvboxManager.o
 .debug_line    0x0000000000002943      0x6ec Core/Src/gpio.o
 .debug_line    0x000000000000302f      0xa58 Core/Src/main.o
 .debug_line    0x0000000000003a87      0x70c Core/Src/spi.o
 .debug_line    0x0000000000004193      0x6d6 Core/Src/stm32f0xx_hal_msp.o
 .debug_line    0x0000000000004869      0xa93 Core/Src/stm32f0xx_it.o
 .debug_line    0x00000000000052fc      0x554 Core/Src/sysmem.o
 .debug_line    0x0000000000005850      0x6f0 Core/Src/system_stm32f0xx.o
 .debug_line    0x0000000000005f40      0x8ae Core/Src/tim.o
 .debug_line    0x00000000000067ee       0x89 Core/Startup/startup_stm32f051k8tx.o
 .debug_line    0x0000000000006877      0x88c Drivers/STM32F0xx_HAL_Driver/Src/stm32f0xx_hal.o
 .debug_line    0x0000000000007103      0x8a4 Drivers/STM32F0xx_HAL_Driver/Src/stm32f0xx_hal_cortex.o
 .debug_line    0x00000000000079a7      0x851 Drivers/STM32F0xx_HAL_Driver/Src/stm32f0xx_hal_gpio.o
 .debug_line    0x00000000000081f8      0x94d Drivers/STM32F0xx_HAL_Driver/Src/stm32f0xx_hal_rcc.o
 .debug_line    0x0000000000008b45     0x1175 Drivers/STM32F0xx_HAL_Driver/Src/stm32f0xx_hal_spi.o
 .debug_line    0x0000000000009cba     0x1abe Drivers/STM32F0xx_HAL_Driver/Src/stm32f0xx_hal_tim.o
 .debug_line    0x000000000000b778      0xcd8 Drivers/STM32F0xx_HAL_Driver/Src/stm32f0xx_hal_tim_ex.o
 .debug_line    0x000000000000c450      0xd64 Optimized_STM32_ILI9341/ILI9341_GFX.o
 .debug_line    0x000000000000d1b4      0xaa9 Optimized_STM32_ILI9341/ILI9341_STM32_Driver.o

.debug_str      0x0000000000000000    0x57aef
 .debug_str     0x0000000000000000     0x2d9c Core/Src/UvboxManager/EventManager.o
                                       0x2daa (size before relaxing)
 .debug_str     0x0000000000002d9c    0x50b80 Core/Src/UvboxManager/LedManager.o
                                      0x53b67 (size before relaxing)
 .debug_str     0x000000000005391c       0x7b Core/Src/UvboxManager/RotaryEncoder.o
                                      0x53a45 (size before relaxing)
 .debug_str     0x0000000000053997       0xef Core/Src/UvboxManager/TimeoutManager.o
                                      0x53a78 (size before relaxing)
 .debug_str     0x0000000000053a86      0x1a3 Core/Src/UvboxManager/UvboxManager.o
                                      0x53c01 (size before relaxing)
 .debug_str     0x0000000000053c29      0x240 Core/Src/gpio.o
                                      0x4f370 (size before relaxing)
 .debug_str     0x0000000000053e69      0x350 Core/Src/main.o
                                      0x53d47 (size before relaxing)
 .debug_str     0x00000000000541b9       0x4b Core/Src/spi.o
                                      0x4f5c0 (size before relaxing)
 .debug_str     0x0000000000054204       0x2c Core/Src/stm32f0xx_hal_msp.o
                                      0x4f122 (size before relaxing)
 .debug_str     0x0000000000054230       0x86 Core/Src/stm32f0xx_it.o
                                      0x53a30 (size before relaxing)
 .debug_str     0x00000000000542b6      0x4d1 Core/Src/sysmem.o
                                       0x7a65 (size before relaxing)
 .debug_str     0x0000000000054787       0x5f Core/Src/system_stm32f0xx.o
                                      0x4f0bd (size before relaxing)
 .debug_str     0x00000000000547e6      0x314 Core/Src/tim.o
                                      0x4fa50 (size before relaxing)
 .debug_str     0x0000000000054afa       0x36 Core/Startup/startup_stm32f051k8tx.o
                                         0x90 (size before relaxing)
 .debug_str     0x0000000000054b30      0x39c Drivers/STM32F0xx_HAL_Driver/Src/stm32f0xx_hal.o
                                      0x4f5fb (size before relaxing)
 .debug_str     0x0000000000054ecc      0x220 Drivers/STM32F0xx_HAL_Driver/Src/stm32f0xx_hal_cortex.o
                                      0x4f4af (size before relaxing)
 .debug_str     0x00000000000550ec      0x1f6 Drivers/STM32F0xx_HAL_Driver/Src/stm32f0xx_hal_gpio.o
                                      0x4f359 (size before relaxing)
 .debug_str     0x00000000000552e2      0x254 Drivers/STM32F0xx_HAL_Driver/Src/stm32f0xx_hal_rcc.o
                                      0x4f4c7 (size before relaxing)
 .debug_str     0x0000000000055536      0x57c Drivers/STM32F0xx_HAL_Driver/Src/stm32f0xx_hal_spi.o
                                      0x4f9f6 (size before relaxing)
 .debug_str     0x0000000000055ab2      0xce7 Drivers/STM32F0xx_HAL_Driver/Src/stm32f0xx_hal_tim.o
                                      0x502b6 (size before relaxing)
 .debug_str     0x0000000000056799      0x49b Drivers/STM32F0xx_HAL_Driver/Src/stm32f0xx_hal_tim_ex.o
                                      0x4fa6a (size before relaxing)
 .debug_str     0x0000000000056c34      0xc05 Optimized_STM32_ILI9341/ILI9341_GFX.o
                                      0x5452b (size before relaxing)
 .debug_str     0x0000000000057839      0x2b6 Optimized_STM32_ILI9341/ILI9341_STM32_Driver.o
                                      0x4fa4a (size before relaxing)

.comment        0x0000000000000000       0x7b
 .comment       0x0000000000000000       0x7b Core/Src/UvboxManager/EventManager.o
                                         0x7c (size before relaxing)
 .comment       0x000000000000007b       0x7c Core/Src/UvboxManager/LedManager.o
 .comment       0x000000000000007b       0x7c Core/Src/UvboxManager/RotaryEncoder.o
 .comment       0x000000000000007b       0x7c Core/Src/UvboxManager/TimeoutManager.o
 .comment       0x000000000000007b       0x7c Core/Src/UvboxManager/UvboxManager.o
 .comment       0x000000000000007b       0x7c Core/Src/gpio.o
 .comment       0x000000000000007b       0x7c Core/Src/main.o
 .comment       0x000000000000007b       0x7c Core/Src/spi.o
 .comment       0x000000000000007b       0x7c Core/Src/stm32f0xx_hal_msp.o
 .comment       0x000000000000007b       0x7c Core/Src/stm32f0xx_it.o
 .comment       0x000000000000007b       0x7c Core/Src/sysmem.o
 .comment       0x000000000000007b       0x7c Core/Src/system_stm32f0xx.o
 .comment       0x000000000000007b       0x7c Core/Src/tim.o
 .comment       0x000000000000007b       0x7c Drivers/STM32F0xx_HAL_Driver/Src/stm32f0xx_hal.o
 .comment       0x000000000000007b       0x7c Drivers/STM32F0xx_HAL_Driver/Src/stm32f0xx_hal_cortex.o
 .comment       0x000000000000007b       0x7c Drivers/STM32F0xx_HAL_Driver/Src/stm32f0xx_hal_gpio.o
 .comment       0x000000000000007b       0x7c Drivers/STM32F0xx_HAL_Driver/Src/stm32f0xx_hal_rcc.o
 .comment       0x000000000000007b       0x7c Drivers/STM32F0xx_HAL_Driver/Src/stm32f0xx_hal_spi.o
 .comment       0x000000000000007b       0x7c Drivers/STM32F0xx_HAL_Driver/Src/stm32f0xx_hal_tim.o
 .comment       0x000000000000007b       0x7c Drivers/STM32F0xx_HAL_Driver/Src/stm32f0xx_hal_tim_ex.o
 .comment       0x000000000000007b       0x7c Optimized_STM32_ILI9341/ILI9341_GFX.o
 .comment       0x000000000000007b       0x7c Optimized_STM32_ILI9341/ILI9341_STM32_Driver.o

.debug_frame    0x0000000000000000     0x31c8
 .debug_frame   0x0000000000000000       0x4c Core/Src/UvboxManager/EventManager.o
 .debug_frame   0x000000000000004c       0xc4 Core/Src/UvboxManager/LedManager.o
 .debug_frame   0x0000000000000110       0x68 Core/Src/UvboxManager/RotaryEncoder.o
 .debug_frame   0x0000000000000178       0xf0 Core/Src/UvboxManager/TimeoutManager.o
 .debug_frame   0x0000000000000268      0x12c Core/Src/UvboxManager/UvboxManager.o
 .debug_frame   0x0000000000000394       0x30 Core/Src/gpio.o
 .debug_frame   0x00000000000003c4       0x6c Core/Src/main.o
 .debug_frame   0x0000000000000430       0x6c Core/Src/spi.o
 .debug_frame   0x000000000000049c       0x30 Core/Src/stm32f0xx_hal_msp.o
 .debug_frame   0x00000000000004cc      0x10c Core/Src/stm32f0xx_it.o
 .debug_frame   0x00000000000005d8       0x30 Core/Src/sysmem.o
 .debug_frame   0x0000000000000608       0x4c Core/Src/system_stm32f0xx.o
 .debug_frame   0x0000000000000654      0x1c8 Core/Src/tim.o
 .debug_frame   0x000000000000081c      0x2a4 Drivers/STM32F0xx_HAL_Driver/Src/stm32f0xx_hal.o
 .debug_frame   0x0000000000000ac0      0x2a0 Drivers/STM32F0xx_HAL_Driver/Src/stm32f0xx_hal_cortex.o
 .debug_frame   0x0000000000000d60      0x110 Drivers/STM32F0xx_HAL_Driver/Src/stm32f0xx_hal_gpio.o
 .debug_frame   0x0000000000000e70      0x198 Drivers/STM32F0xx_HAL_Driver/Src/stm32f0xx_hal_rcc.o
 .debug_frame   0x0000000000001008      0x710 Drivers/STM32F0xx_HAL_Driver/Src/stm32f0xx_hal_spi.o
 .debug_frame   0x0000000000001718      0xe90 Drivers/STM32F0xx_HAL_Driver/Src/stm32f0xx_hal_tim.o
 .debug_frame   0x00000000000025a8      0x4f0 Drivers/STM32F0xx_HAL_Driver/Src/stm32f0xx_hal_tim_ex.o
 .debug_frame   0x0000000000002a98      0x1bc Optimized_STM32_ILI9341/ILI9341_GFX.o
 .debug_frame   0x0000000000002c54      0x214 Optimized_STM32_ILI9341/ILI9341_STM32_Driver.o
 .debug_frame   0x0000000000002e68       0x20 /home/chris/opt/STM32CubeIDE/st/stm32cubeide_1.2.0/plugins/com.st.stm32cube.ide.mcu.externaltools.gnu-tools-for-stm32.7-2018-q2-update.linux64_1.0.0.201904181610/tools/bin/../lib/gcc/arm-none-eabi/7.3.1/../../../../arm-none-eabi/lib/thumb/v6-m/libc_nano.a(lib_a-errno.o)
 .debug_frame   0x0000000000002e88       0x2c /home/chris/opt/STM32CubeIDE/st/stm32cubeide_1.2.0/plugins/com.st.stm32cube.ide.mcu.externaltools.gnu-tools-for-stm32.7-2018-q2-update.linux64_1.0.0.201904181610/tools/bin/../lib/gcc/arm-none-eabi/7.3.1/../../../../arm-none-eabi/lib/thumb/v6-m/libc_nano.a(lib_a-init.o)
 .debug_frame   0x0000000000002eb4       0x20 /home/chris/opt/STM32CubeIDE/st/stm32cubeide_1.2.0/plugins/com.st.stm32cube.ide.mcu.externaltools.gnu-tools-for-stm32.7-2018-q2-update.linux64_1.0.0.201904181610/tools/bin/../lib/gcc/arm-none-eabi/7.3.1/../../../../arm-none-eabi/lib/thumb/v6-m/libc_nano.a(lib_a-memset.o)
 .debug_frame   0x0000000000002ed4       0x50 /home/chris/opt/STM32CubeIDE/st/stm32cubeide_1.2.0/plugins/com.st.stm32cube.ide.mcu.externaltools.gnu-tools-for-stm32.7-2018-q2-update.linux64_1.0.0.201904181610/tools/bin/../lib/gcc/arm-none-eabi/7.3.1/../../../../arm-none-eabi/lib/thumb/v6-m/libc_nano.a(lib_a-snprintf.o)
 .debug_frame   0x0000000000002f24       0x74 /home/chris/opt/STM32CubeIDE/st/stm32cubeide_1.2.0/plugins/com.st.stm32cube.ide.mcu.externaltools.gnu-tools-for-stm32.7-2018-q2-update.linux64_1.0.0.201904181610/tools/bin/../lib/gcc/arm-none-eabi/7.3.1/../../../../arm-none-eabi/lib/thumb/v6-m/libc_nano.a(lib_a-nano-svfprintf.o)
 .debug_frame   0x0000000000002f98       0x54 /home/chris/opt/STM32CubeIDE/st/stm32cubeide_1.2.0/plugins/com.st.stm32cube.ide.mcu.externaltools.gnu-tools-for-stm32.7-2018-q2-update.linux64_1.0.0.201904181610/tools/bin/../lib/gcc/arm-none-eabi/7.3.1/../../../../arm-none-eabi/lib/thumb/v6-m/libc_nano.a(lib_a-nano-vfprintf_i.o)
 .debug_frame   0x0000000000002fec       0x20 /home/chris/opt/STM32CubeIDE/st/stm32cubeide_1.2.0/plugins/com.st.stm32cube.ide.mcu.externaltools.gnu-tools-for-stm32.7-2018-q2-update.linux64_1.0.0.201904181610/tools/bin/../lib/gcc/arm-none-eabi/7.3.1/../../../../arm-none-eabi/lib/thumb/v6-m/libc_nano.a(lib_a-memchr-stub.o)
 .debug_frame   0x000000000000300c       0x28 /home/chris/opt/STM32CubeIDE/st/stm32cubeide_1.2.0/plugins/com.st.stm32cube.ide.mcu.externaltools.gnu-tools-for-stm32.7-2018-q2-update.linux64_1.0.0.201904181610/tools/bin/../lib/gcc/arm-none-eabi/7.3.1/../../../../arm-none-eabi/lib/thumb/v6-m/libc_nano.a(lib_a-memcpy-stub.o)
 .debug_frame   0x0000000000003034       0x28 /home/chris/opt/STM32CubeIDE/st/stm32cubeide_1.2.0/plugins/com.st.stm32cube.ide.mcu.externaltools.gnu-tools-for-stm32.7-2018-q2-update.linux64_1.0.0.201904181610/tools/bin/../lib/gcc/arm-none-eabi/7.3.1/../../../../arm-none-eabi/lib/thumb/v6-m/libc_nano.a(lib_a-memmove.o)
 .debug_frame   0x000000000000305c       0x2c /home/chris/opt/STM32CubeIDE/st/stm32cubeide_1.2.0/plugins/com.st.stm32cube.ide.mcu.externaltools.gnu-tools-for-stm32.7-2018-q2-update.linux64_1.0.0.201904181610/tools/bin/../lib/gcc/arm-none-eabi/7.3.1/../../../../arm-none-eabi/lib/thumb/v6-m/libc_nano.a(lib_a-nano-freer.o)
 .debug_frame   0x0000000000003088       0x2c /home/chris/opt/STM32CubeIDE/st/stm32cubeide_1.2.0/plugins/com.st.stm32cube.ide.mcu.externaltools.gnu-tools-for-stm32.7-2018-q2-update.linux64_1.0.0.201904181610/tools/bin/../lib/gcc/arm-none-eabi/7.3.1/../../../../arm-none-eabi/lib/thumb/v6-m/libc_nano.a(lib_a-nano-mallocr.o)
 .debug_frame   0x00000000000030b4       0x30 /home/chris/opt/STM32CubeIDE/st/stm32cubeide_1.2.0/plugins/com.st.stm32cube.ide.mcu.externaltools.gnu-tools-for-stm32.7-2018-q2-update.linux64_1.0.0.201904181610/tools/bin/../lib/gcc/arm-none-eabi/7.3.1/../../../../arm-none-eabi/lib/thumb/v6-m/libc_nano.a(lib_a-nano-reallocr.o)
 .debug_frame   0x00000000000030e4       0x2c /home/chris/opt/STM32CubeIDE/st/stm32cubeide_1.2.0/plugins/com.st.stm32cube.ide.mcu.externaltools.gnu-tools-for-stm32.7-2018-q2-update.linux64_1.0.0.201904181610/tools/bin/../lib/gcc/arm-none-eabi/7.3.1/../../../../arm-none-eabi/lib/thumb/v6-m/libc_nano.a(lib_a-sbrkr.o)
 .debug_frame   0x0000000000003110       0x30 /home/chris/opt/STM32CubeIDE/st/stm32cubeide_1.2.0/plugins/com.st.stm32cube.ide.mcu.externaltools.gnu-tools-for-stm32.7-2018-q2-update.linux64_1.0.0.201904181610/tools/bin/../lib/gcc/arm-none-eabi/7.3.1/../../../../arm-none-eabi/lib/thumb/v6-m/libc_nano.a(lib_a-mlock.o)
 .debug_frame   0x0000000000003140       0x20 /home/chris/opt/STM32CubeIDE/st/stm32cubeide_1.2.0/plugins/com.st.stm32cube.ide.mcu.externaltools.gnu-tools-for-stm32.7-2018-q2-update.linux64_1.0.0.201904181610/tools/bin/../lib/gcc/arm-none-eabi/7.3.1/../../../../arm-none-eabi/lib/thumb/v6-m/libc_nano.a(lib_a-nano-msizer.o)
 .debug_frame   0x0000000000003160       0x48 /home/chris/opt/STM32CubeIDE/st/stm32cubeide_1.2.0/plugins/com.st.stm32cube.ide.mcu.externaltools.gnu-tools-for-stm32.7-2018-q2-update.linux64_1.0.0.201904181610/tools/bin/../lib/gcc/arm-none-eabi/7.3.1/../../../../arm-none-eabi/lib/thumb/v6-m/libc_nano.a(lib_a-reent.o)
 .debug_frame   0x00000000000031a8       0x20 /home/chris/opt/STM32CubeIDE/st/stm32cubeide_1.2.0/plugins/com.st.stm32cube.ide.mcu.externaltools.gnu-tools-for-stm32.7-2018-q2-update.linux64_1.0.0.201904181610/tools/bin/../lib/gcc/arm-none-eabi/7.3.1/thumb/v6-m/libgcc.a(_udivsi3.o)
