01:04:53 **** Incremental Build of configuration Debug for project UV_LED_DRIVER_SW_STM32L051 ****
make -j4 all 
arm-none-eabi-gcc "../Core/Src/main.c" -mcpu=cortex-m0 -std=gnu11 -g3 -DUSE_HAL_DRIVER -DSTM32F051x8 -DDEBUG -c -I../Drivers/STM32F0xx_HAL_Driver/Inc -I../Drivers/CMSIS/Include -I../Core/Inc -I../Drivers/STM32F0xx_HAL_Driver/Inc/Legacy -I../Drivers/CMSIS/Device/ST/STM32F0xx/Include -O0 -ffunction-sections -fdata-sections -Wall -fstack-usage -MMD -MP -MF"Core/Src/main.d" -MT"Core/Src/main.o" --specs=nano.specs -mfloat-abi=soft -mthumb -o "Core/Src/main.o"
arm-none-eabi-gcc "../Core/Src/stm32f0xx_it.c" -mcpu=cortex-m0 -std=gnu11 -g3 -DUSE_HAL_DRIVER -DSTM32F051x8 -DDEBUG -c -I../Drivers/STM32F0xx_HAL_Driver/Inc -I../Drivers/CMSIS/Include -I../Core/Inc -I../Drivers/STM32F0xx_HAL_Driver/Inc/Legacy -I../Drivers/CMSIS/Device/ST/STM32F0xx/Include -O0 -ffunction-sections -fdata-sections -Wall -fstack-usage -MMD -MP -MF"Core/Src/stm32f0xx_it.d" -MT"Core/Src/stm32f0xx_it.o" --specs=nano.specs -mfloat-abi=soft -mthumb -o "Core/Src/stm32f0xx_it.o"
arm-none-eabi-gcc -o "UV_LED_DRIVER_SW_STM32L051.elf" @"objects.list"   -mcpu=cortex-m0 -T"/home/chris/Projects/Embedded/UV_LED_Driver_SW_STM32F051/UV_LED_DRIVER_SW_STM32L051/STM32F051K8TX_FLASH.ld" --specs=nosys.specs -Wl,-Map="UV_LED_DRIVER_SW_STM32L051.map" -Wl,--gc-sections -static --specs=nano.specs -mfloat-abi=soft -mthumb -Wl,--start-group -lc -lm -Wl,--end-group
Finished building target: UV_LED_DRIVER_SW_STM32L051.elf
 
arm-none-eabi-objdump -h -S  UV_LED_DRIVER_SW_STM32L051.elf  > "UV_LED_DRIVER_SW_STM32L051.list"
arm-none-eabi-objcopy  -O binary  UV_LED_DRIVER_SW_STM32L051.elf  "UV_LED_DRIVER_SW_STM32L051.bin"
arm-none-eabi-size   UV_LED_DRIVER_SW_STM32L051.elf 
Finished building: UV_LED_DRIVER_SW_STM32L051.bin
   text	   data	    bss	    dec	    hex	filename
  10428	     20	   1788	  12236	   2fcc	UV_LED_DRIVER_SW_STM32L051.elf
Finished building: default.size.stdout
 
 
Finished building: UV_LED_DRIVER_SW_STM32L051.list
 

01:04:53 Build Finished. 0 errors, 0 warnings. (took 747ms)

